   1              		.file	"main.cpp"
   2              		.text
   3              		.section	.text.startup,"ax",@progbits
   4              		.p2align 4
   5              		.globl	main
   7              	main:
   8              	.LFB1181:
   9              		.cfi_startproc
  10 0000 F30F1EFA 		endbr64
  11 0004 E9000000 		jmp	_ZN8UnitTest11RunAllTestsEv@PLT
  11      00
  12              		.cfi_endproc
  13              	.LFE1181:
  15              		.ident	"GCC: (Ubuntu 11.3.0-1ubuntu1~22.04) 11.3.0"
  16              		.section	.note.GNU-stack,"",@progbits
  17              		.section	.note.gnu.property,"a"
  18              		.align 8
  19 0000 04000000 		.long	1f - 0f
  20 0004 10000000 		.long	4f - 1f
  21 0008 05000000 		.long	5
  22              	0:
  23 000c 474E5500 		.string	"GNU"
  24              	1:
  25              		.align 8
  26 0010 020000C0 		.long	0xc0000002
  27 0014 04000000 		.long	3f - 2f
  28              	2:
  29 0018 03000000 		.long	0x3
  30              	3:
  31 001c 00000000 		.align 8
  32              	4:
DEFINED SYMBOLS
                            *ABS*:0000000000000000 main.cpp
     /tmp/ccwEhZAI.s:7      .text.startup:0000000000000000 main

UNDEFINED SYMBOLS
_ZN8UnitTest11RunAllTestsEv
