
Merging program properties


As-needed library included to satisfy reference by file (symbol)

libfx2loader.so               lin.x64/rel/.build/main.o (i2cInitialise)
libbuffer.so                  lin.x64/rel/.build/main.o (bufReadFromIntelHexFile)
liberror.so                   lin.x64/rel/.build/main.o (errFree)
libc.so.6                     lin.x64/rel/.build/main.o (__printf_chk@@GLIBC_2.3.4)

Discarded input sections

 .rodata.cst4   0x0000000000000000        0x4 /usr/lib/gcc/x86_64-linux-gnu/11/../../../x86_64-linux-gnu/Scrt1.o
 .data          0x0000000000000000        0x4 /usr/lib/gcc/x86_64-linux-gnu/11/../../../x86_64-linux-gnu/Scrt1.o
 .bss           0x0000000000000000        0x0 /usr/lib/gcc/x86_64-linux-gnu/11/../../../x86_64-linux-gnu/Scrt1.o
 .note.GNU-stack
                0x0000000000000000        0x0 /usr/lib/gcc/x86_64-linux-gnu/11/../../../x86_64-linux-gnu/Scrt1.o
 .text          0x0000000000000000        0x0 /usr/lib/gcc/x86_64-linux-gnu/11/../../../x86_64-linux-gnu/crti.o
 .data          0x0000000000000000        0x0 /usr/lib/gcc/x86_64-linux-gnu/11/../../../x86_64-linux-gnu/crti.o
 .bss           0x0000000000000000        0x0 /usr/lib/gcc/x86_64-linux-gnu/11/../../../x86_64-linux-gnu/crti.o
 .note.gnu.property
                0x0000000000000000       0x20 /usr/lib/gcc/x86_64-linux-gnu/11/../../../x86_64-linux-gnu/crti.o
 .note.GNU-stack
                0x0000000000000000        0x0 /usr/lib/gcc/x86_64-linux-gnu/11/../../../x86_64-linux-gnu/crti.o
 .data          0x0000000000000000        0x0 /usr/lib/gcc/x86_64-linux-gnu/11/crtbeginS.o
 .note.GNU-stack
                0x0000000000000000        0x0 /usr/lib/gcc/x86_64-linux-gnu/11/crtbeginS.o
 .note.gnu.property
                0x0000000000000000       0x20 /usr/lib/gcc/x86_64-linux-gnu/11/crtbeginS.o
 .data          0x0000000000000000        0x0 lin.x64/rel/.build/main.o
 .bss           0x0000000000000000        0x0 lin.x64/rel/.build/main.o
 .note.GNU-stack
                0x0000000000000000        0x0 lin.x64/rel/.build/main.o
 .note.gnu.property
                0x0000000000000000       0x20 lin.x64/rel/.build/main.o
 .text          0x0000000000000000        0x0 /usr/lib/gcc/x86_64-linux-gnu/11/crtendS.o
 .data          0x0000000000000000        0x0 /usr/lib/gcc/x86_64-linux-gnu/11/crtendS.o
 .bss           0x0000000000000000        0x0 /usr/lib/gcc/x86_64-linux-gnu/11/crtendS.o
 .note.GNU-stack
                0x0000000000000000        0x0 /usr/lib/gcc/x86_64-linux-gnu/11/crtendS.o
 .note.gnu.property
                0x0000000000000000       0x20 /usr/lib/gcc/x86_64-linux-gnu/11/crtendS.o
 .text          0x0000000000000000        0x0 /usr/lib/gcc/x86_64-linux-gnu/11/../../../x86_64-linux-gnu/crtn.o
 .data          0x0000000000000000        0x0 /usr/lib/gcc/x86_64-linux-gnu/11/../../../x86_64-linux-gnu/crtn.o
 .bss           0x0000000000000000        0x0 /usr/lib/gcc/x86_64-linux-gnu/11/../../../x86_64-linux-gnu/crtn.o
 .note.gnu.property
                0x0000000000000000       0x20 /usr/lib/gcc/x86_64-linux-gnu/11/../../../x86_64-linux-gnu/crtn.o
 .note.GNU-stack
                0x0000000000000000        0x0 /usr/lib/gcc/x86_64-linux-gnu/11/../../../x86_64-linux-gnu/crtn.o

Memory Configuration

Name             Origin             Length             Attributes
*default*        0x0000000000000000 0xffffffffffffffff

Linker script and memory map

LOAD /usr/lib/gcc/x86_64-linux-gnu/11/../../../x86_64-linux-gnu/Scrt1.o
LOAD /usr/lib/gcc/x86_64-linux-gnu/11/../../../x86_64-linux-gnu/crti.o
LOAD /usr/lib/gcc/x86_64-linux-gnu/11/crtbeginS.o
LOAD lin.x64/rel/.build/main.o
LOAD /home/pong/FPGALink/makestuff/libs/libfx2loader/lin.x64/rel/libfx2loader.so
LOAD /home/pong/FPGALink/makestuff/libs/libfx2loader/lin.x64/rel/libbuffer.so
LOAD /home/pong/FPGALink/makestuff/libs/libfx2loader/lin.x64/rel/libusbwrap.so
LOAD /home/pong/FPGALink/makestuff/libs/libfx2loader/lin.x64/rel/liberror.so
LOAD /usr/lib/gcc/x86_64-linux-gnu/11/libgcc.a
LOAD /usr/lib/gcc/x86_64-linux-gnu/11/libgcc_s.so
START GROUP
LOAD /usr/lib/gcc/x86_64-linux-gnu/11/../../../x86_64-linux-gnu/libgcc_s.so.1
LOAD /usr/lib/gcc/x86_64-linux-gnu/11/libgcc.a
END GROUP
LOAD /usr/lib/gcc/x86_64-linux-gnu/11/../../../x86_64-linux-gnu/libc.so
START GROUP
LOAD /lib/x86_64-linux-gnu/libc.so.6
LOAD /usr/lib/x86_64-linux-gnu/libc_nonshared.a
LOAD /lib64/ld-linux-x86-64.so.2
END GROUP
LOAD /usr/lib/gcc/x86_64-linux-gnu/11/libgcc.a
LOAD /usr/lib/gcc/x86_64-linux-gnu/11/libgcc_s.so
START GROUP
LOAD /usr/lib/gcc/x86_64-linux-gnu/11/../../../x86_64-linux-gnu/libgcc_s.so.1
LOAD /usr/lib/gcc/x86_64-linux-gnu/11/libgcc.a
END GROUP
LOAD /usr/lib/gcc/x86_64-linux-gnu/11/crtendS.o
LOAD /usr/lib/gcc/x86_64-linux-gnu/11/../../../x86_64-linux-gnu/crtn.o
                [!provide]                        PROVIDE (__executable_start = SEGMENT_START ("text-segment", 0x0))
                0x0000000000000318                . = (SEGMENT_START ("text-segment", 0x0) + SIZEOF_HEADERS)

.interp         0x0000000000000318       0x1c
 *(.interp)
 .interp        0x0000000000000318       0x1c /usr/lib/gcc/x86_64-linux-gnu/11/../../../x86_64-linux-gnu/Scrt1.o

.note.gnu.property
                0x0000000000000338       0x30
 .note.gnu.property
                0x0000000000000338       0x30 /usr/lib/gcc/x86_64-linux-gnu/11/../../../x86_64-linux-gnu/Scrt1.o

.note.gnu.build-id
                0x0000000000000368       0x24
 *(.note.gnu.build-id)
 .note.gnu.build-id
                0x0000000000000368       0x24 /usr/lib/gcc/x86_64-linux-gnu/11/../../../x86_64-linux-gnu/Scrt1.o

.note.ABI-tag   0x000000000000038c       0x20
 .note.ABI-tag  0x000000000000038c       0x20 /usr/lib/gcc/x86_64-linux-gnu/11/../../../x86_64-linux-gnu/Scrt1.o

.hash
 *(.hash)

.gnu.hash       0x00000000000003b0       0x28
 *(.gnu.hash)
 .gnu.hash      0x00000000000003b0       0x28 /usr/lib/gcc/x86_64-linux-gnu/11/../../../x86_64-linux-gnu/Scrt1.o

.dynsym         0x00000000000003d8      0x1c8
 *(.dynsym)
 .dynsym        0x00000000000003d8      0x1c8 /usr/lib/gcc/x86_64-linux-gnu/11/../../../x86_64-linux-gnu/Scrt1.o

.dynstr         0x00000000000005a0      0x177
 *(.dynstr)
 .dynstr        0x00000000000005a0      0x177 /usr/lib/gcc/x86_64-linux-gnu/11/../../../x86_64-linux-gnu/Scrt1.o

.gnu.version    0x0000000000000718       0x26
 *(.gnu.version)
 .gnu.version   0x0000000000000718       0x26 /usr/lib/gcc/x86_64-linux-gnu/11/../../../x86_64-linux-gnu/Scrt1.o

.gnu.version_d  0x0000000000000740        0x0
 *(.gnu.version_d)
 .gnu.version_d
                0x0000000000000740        0x0 /usr/lib/gcc/x86_64-linux-gnu/11/../../../x86_64-linux-gnu/Scrt1.o

.gnu.version_r  0x0000000000000740       0x50
 *(.gnu.version_r)
 .gnu.version_r
                0x0000000000000740       0x50 /usr/lib/gcc/x86_64-linux-gnu/11/../../../x86_64-linux-gnu/Scrt1.o

.rela.dyn       0x0000000000000790       0xd8
 *(.rela.init)
 *(.rela.text .rela.text.* .rela.gnu.linkonce.t.*)
 .rela.text     0x0000000000000790        0x0 /usr/lib/gcc/x86_64-linux-gnu/11/../../../x86_64-linux-gnu/Scrt1.o
 .rela.text.startup
                0x0000000000000790        0x0 /usr/lib/gcc/x86_64-linux-gnu/11/../../../x86_64-linux-gnu/Scrt1.o
 *(.rela.fini)
 *(.rela.rodata .rela.rodata.* .rela.gnu.linkonce.r.*)
 *(.rela.data .rela.data.* .rela.gnu.linkonce.d.*)
 .rela.data.rel.ro
                0x0000000000000790        0x0 /usr/lib/gcc/x86_64-linux-gnu/11/../../../x86_64-linux-gnu/Scrt1.o
 .rela.data.rel.local
                0x0000000000000790       0x18 /usr/lib/gcc/x86_64-linux-gnu/11/../../../x86_64-linux-gnu/Scrt1.o
 *(.rela.tdata .rela.tdata.* .rela.gnu.linkonce.td.*)
 *(.rela.tbss .rela.tbss.* .rela.gnu.linkonce.tb.*)
 *(.rela.ctors)
 *(.rela.dtors)
 *(.rela.got)
 .rela.got      0x00000000000007a8       0x78 /usr/lib/gcc/x86_64-linux-gnu/11/../../../x86_64-linux-gnu/Scrt1.o
 *(.rela.bss .rela.bss.* .rela.gnu.linkonce.b.*)
 .rela.bss      0x0000000000000820       0x18 /usr/lib/gcc/x86_64-linux-gnu/11/../../../x86_64-linux-gnu/Scrt1.o
 *(.rela.ldata .rela.ldata.* .rela.gnu.linkonce.l.*)
 *(.rela.lbss .rela.lbss.* .rela.gnu.linkonce.lb.*)
 *(.rela.lrodata .rela.lrodata.* .rela.gnu.linkonce.lr.*)
 *(.rela.ifunc)
 .rela.ifunc    0x0000000000000838        0x0 /usr/lib/gcc/x86_64-linux-gnu/11/../../../x86_64-linux-gnu/Scrt1.o
 .rela.fini_array
                0x0000000000000838       0x18 /usr/lib/gcc/x86_64-linux-gnu/11/../../../x86_64-linux-gnu/Scrt1.o
 .rela.init_array
                0x0000000000000850       0x18 /usr/lib/gcc/x86_64-linux-gnu/11/../../../x86_64-linux-gnu/Scrt1.o

.rela.plt       0x0000000000000868      0x120
 *(.rela.plt)
 .rela.plt      0x0000000000000868      0x120 /usr/lib/gcc/x86_64-linux-gnu/11/../../../x86_64-linux-gnu/Scrt1.o
 *(.rela.iplt)

.relr.dyn
 *(.relr.dyn)
                0x0000000000001000                . = ALIGN (CONSTANT (MAXPAGESIZE))

.init           0x0000000000001000       0x1b
 *(SORT_NONE(.init))
 .init          0x0000000000001000       0x16 /usr/lib/gcc/x86_64-linux-gnu/11/../../../x86_64-linux-gnu/crti.o
                0x0000000000001000                _init
 .init          0x0000000000001016        0x5 /usr/lib/gcc/x86_64-linux-gnu/11/../../../x86_64-linux-gnu/crtn.o

.plt            0x0000000000001020       0xd0
 *(.plt)
 .plt           0x0000000000001020       0xd0 /usr/lib/gcc/x86_64-linux-gnu/11/../../../x86_64-linux-gnu/Scrt1.o
 *(.iplt)

.plt.got        0x00000000000010f0       0x10
 *(.plt.got)
 .plt.got       0x00000000000010f0       0x10 /usr/lib/gcc/x86_64-linux-gnu/11/../../../x86_64-linux-gnu/Scrt1.o
                0x00000000000010f0                __cxa_finalize@@GLIBC_2.2.5

.plt.sec        0x0000000000001100       0xc0
 *(.plt.sec)
 .plt.sec       0x0000000000001100       0xc0 /usr/lib/gcc/x86_64-linux-gnu/11/../../../x86_64-linux-gnu/Scrt1.o
                0x0000000000001100                i2cInitialise
                0x0000000000001110                errFree
                0x0000000000001120                __stack_chk_fail@@GLIBC_2.4
                0x0000000000001130                i2cWritePromRecords
                0x0000000000001140                strcmp@@GLIBC_2.2.5
                0x0000000000001150                bufReadFromIntelHexFile
                0x0000000000001160                bufInitialise
                0x0000000000001170                __printf_chk@@GLIBC_2.3.4
                0x0000000000001180                i2cFinalise
                0x0000000000001190                bufDestroy
                0x00000000000011a0                __fprintf_chk@@GLIBC_2.3.4
                0x00000000000011b0                strstr@@GLIBC_2.2.5

.text           0x00000000000011c0      0x7aa
 *(.text.unlikely .text.*_unlikely .text.unlikely.*)
 *(.text.exit .text.exit.*)
 *(.text.startup .text.startup.*)
 .text.startup  0x00000000000011c0      0x2b2 lin.x64/rel/.build/main.o
                0x00000000000011c0                main
 *(.text.hot .text.hot.*)
 *(SORT_BY_NAME(.text.sorted.*))
 *(.text .stub .text.* .gnu.linkonce.t.*)
 *fill*         0x0000000000001472        0xe 
 .text          0x0000000000001480       0x26 /usr/lib/gcc/x86_64-linux-gnu/11/../../../x86_64-linux-gnu/Scrt1.o
                0x0000000000001480                _start
 *fill*         0x00000000000014a6        0xa 
 .text          0x00000000000014b0       0xb9 /usr/lib/gcc/x86_64-linux-gnu/11/crtbeginS.o
 *fill*         0x0000000000001569        0x7 
 .text          0x0000000000001570      0x3fa lin.x64/rel/.build/main.o
                0x0000000000001570                dumpBytes
                0x0000000000001640                dumpWords
                0x0000000000001710                dumpCode
 *(.gnu.warning)

.fini           0x000000000000196c        0xd
 *(SORT_NONE(.fini))
 .fini          0x000000000000196c        0x8 /usr/lib/gcc/x86_64-linux-gnu/11/../../../x86_64-linux-gnu/crti.o
                0x000000000000196c                _fini
 .fini          0x0000000000001974        0x5 /usr/lib/gcc/x86_64-linux-gnu/11/../../../x86_64-linux-gnu/crtn.o
                [!provide]                        PROVIDE (__etext = .)
                [!provide]                        PROVIDE (_etext = .)
                [!provide]                        PROVIDE (etext = .)
                0x0000000000002000                . = ALIGN (CONSTANT (MAXPAGESIZE))
                0x0000000000002000                . = SEGMENT_START ("rodata-segment", (ALIGN (CONSTANT (MAXPAGESIZE)) + (. & (CONSTANT (MAXPAGESIZE) - 0x1))))

.rodata         0x0000000000002000      0x190
 *(.rodata .rodata.* .gnu.linkonce.r.*)
 .rodata.str1.1
                0x0000000000002000       0x72 lin.x64/rel/.build/main.o
                                         0x84 (size before relaxing)
 *fill*         0x0000000000002072        0x6 
 .rodata.str1.8
                0x0000000000002078      0x118 lin.x64/rel/.build/main.o

.rodata1
 *(.rodata1)

.eh_frame_hdr   0x0000000000002190       0x4c
 *(.eh_frame_hdr)
 .eh_frame_hdr  0x0000000000002190       0x4c /usr/lib/gcc/x86_64-linux-gnu/11/../../../x86_64-linux-gnu/Scrt1.o
                0x0000000000002190                __GNU_EH_FRAME_HDR
 *(.eh_frame_entry .eh_frame_entry.*)

.eh_frame       0x00000000000021e0      0x1d0
 *(.eh_frame)
 .eh_frame      0x00000000000021e0       0x30 /usr/lib/gcc/x86_64-linux-gnu/11/../../../x86_64-linux-gnu/Scrt1.o
                                         0x2c (size before relaxing)
 *fill*         0x0000000000002210        0x0 
 .eh_frame      0x0000000000002210       0x28 /usr/lib/gcc/x86_64-linux-gnu/11/../../../x86_64-linux-gnu/Scrt1.o
                                         0x40 (size before relaxing)
 .eh_frame      0x0000000000002238       0x18 /usr/lib/gcc/x86_64-linux-gnu/11/../../../x86_64-linux-gnu/Scrt1.o
                                         0x30 (size before relaxing)
 .eh_frame      0x0000000000002250       0x18 /usr/lib/gcc/x86_64-linux-gnu/11/../../../x86_64-linux-gnu/Scrt1.o
                                         0x30 (size before relaxing)
 .eh_frame      0x0000000000002268      0x144 lin.x64/rel/.build/main.o
                                        0x160 (size before relaxing)
 .eh_frame      0x00000000000023ac        0x4 /usr/lib/gcc/x86_64-linux-gnu/11/crtendS.o
 *(.eh_frame.*)

.gcc_except_table
 *(.gcc_except_table .gcc_except_table.*)

.gnu_extab
 *(.gnu_extab*)

.exception_ranges
 *(.exception_ranges*)
                0x0000000000003d20                . = DATA_SEGMENT_ALIGN (CONSTANT (MAXPAGESIZE), CONSTANT (COMMONPAGESIZE))

.eh_frame
 *(.eh_frame)
 *(.eh_frame.*)

.gnu_extab
 *(.gnu_extab)

.gcc_except_table
 *(.gcc_except_table .gcc_except_table.*)

.exception_ranges
 *(.exception_ranges*)

.tdata          0x0000000000003d20        0x0
                [!provide]                        PROVIDE (__tdata_start = .)
 *(.tdata .tdata.* .gnu.linkonce.td.*)

.tbss
 *(.tbss .tbss.* .gnu.linkonce.tb.*)
 *(.tcommon)

.preinit_array  0x0000000000003d20        0x0
                [!provide]                        PROVIDE (__preinit_array_start = .)
 *(.preinit_array)
                [!provide]                        PROVIDE (__preinit_array_end = .)

.init_array     0x0000000000003d20        0x8
                [!provide]                        PROVIDE (__init_array_start = .)
 *(SORT_BY_INIT_PRIORITY(.init_array.*) SORT_BY_INIT_PRIORITY(.ctors.*))
 *(.init_array EXCLUDE_FILE(*crtend?.o *crtend.o *crtbegin?.o *crtbegin.o) .ctors)
 .init_array    0x0000000000003d20        0x8 /usr/lib/gcc/x86_64-linux-gnu/11/crtbeginS.o
                [!provide]                        PROVIDE (__init_array_end = .)

.fini_array     0x0000000000003d28        0x8
                [!provide]                        PROVIDE (__fini_array_start = .)
 *(SORT_BY_INIT_PRIORITY(.fini_array.*) SORT_BY_INIT_PRIORITY(.dtors.*))
 *(.fini_array EXCLUDE_FILE(*crtend?.o *crtend.o *crtbegin?.o *crtbegin.o) .dtors)
 .fini_array    0x0000000000003d28        0x8 /usr/lib/gcc/x86_64-linux-gnu/11/crtbeginS.o
                [!provide]                        PROVIDE (__fini_array_end = .)

.ctors
 *crtbegin.o(.ctors)
 *crtbegin?.o(.ctors)
 *(EXCLUDE_FILE(*crtend?.o *crtend.o) .ctors)
 *(SORT_BY_NAME(.ctors.*))
 *(.ctors)

.dtors
 *crtbegin.o(.dtors)
 *crtbegin?.o(.dtors)
 *(EXCLUDE_FILE(*crtend?.o *crtend.o) .dtors)
 *(SORT_BY_NAME(.dtors.*))
 *(.dtors)

.jcr
 *(.jcr)

.data.rel.ro    0x0000000000003d30        0x0
 *(.data.rel.ro.local* .gnu.linkonce.d.rel.ro.local.*)
 *(.data.rel.ro .data.rel.ro.* .gnu.linkonce.d.rel.ro.*)
 .data.rel.ro   0x0000000000003d30        0x0 /usr/lib/gcc/x86_64-linux-gnu/11/../../../x86_64-linux-gnu/Scrt1.o

.dynamic        0x0000000000003d30      0x230
 *(.dynamic)
 .dynamic       0x0000000000003d30      0x230 /usr/lib/gcc/x86_64-linux-gnu/11/../../../x86_64-linux-gnu/Scrt1.o
                0x0000000000003d30                _DYNAMIC

.got            0x0000000000003f60       0xa0
 *(.got.plt)
 .got.plt       0x0000000000003f60       0x78 /usr/lib/gcc/x86_64-linux-gnu/11/../../../x86_64-linux-gnu/Scrt1.o
                0x0000000000003f60                _GLOBAL_OFFSET_TABLE_
 *(.igot.plt)
 *(.got)
 .got           0x0000000000003fd8       0x28 /usr/lib/gcc/x86_64-linux-gnu/11/../../../x86_64-linux-gnu/Scrt1.o
 *(.igot)
                0x0000000000004000                . = DATA_SEGMENT_RELRO_END (., 0x0)

.data           0x0000000000004000        0x8
 *(.data .data.* .gnu.linkonce.d.*)
 .data.rel.local
                0x0000000000004000        0x8 /usr/lib/gcc/x86_64-linux-gnu/11/crtbeginS.o
                0x0000000000004000                __dso_handle

.tm_clone_table
                0x0000000000004008        0x0
 .tm_clone_table
                0x0000000000004008        0x0 /usr/lib/gcc/x86_64-linux-gnu/11/crtbeginS.o
 .tm_clone_table
                0x0000000000004008        0x0 /usr/lib/gcc/x86_64-linux-gnu/11/crtendS.o

.data1
 *(.data1)
                0x0000000000004008                _edata = .
                [!provide]                        PROVIDE (edata = .)
                0x0000000000004008                . = .
                0x0000000000004008                __bss_start = .

.bss            0x0000000000004020       0x10
 *(.dynbss)
 .dynbss        0x0000000000004020        0x8 /usr/lib/gcc/x86_64-linux-gnu/11/../../../x86_64-linux-gnu/Scrt1.o
                0x0000000000004020                stderr@@GLIBC_2.2.5
 *(.bss .bss.* .gnu.linkonce.b.*)
 .bss           0x0000000000004028        0x1 /usr/lib/gcc/x86_64-linux-gnu/11/crtbeginS.o
 *(COMMON)
                0x0000000000004030                . = ALIGN ((. != 0x0)?0x8:0x1)
 *fill*         0x0000000000004029        0x7 

.lbss
 *(.dynlbss)
 *(.lbss .lbss.* .gnu.linkonce.lb.*)
 *(LARGE_COMMON)
                0x0000000000004030                . = ALIGN (0x8)
                0x0000000000004030                . = SEGMENT_START ("ldata-segment", .)

.lrodata
 *(.lrodata .lrodata.* .gnu.linkonce.lr.*)

.ldata          0x0000000000006030        0x0
 *(.ldata .ldata.* .gnu.linkonce.l.*)
                0x0000000000006030                . = ALIGN ((. != 0x0)?0x8:0x1)
                0x0000000000006030                . = ALIGN (0x8)
                0x0000000000004030                _end = .
                [!provide]                        PROVIDE (end = .)
                0x0000000000006030                . = DATA_SEGMENT_END (.)

.stab
 *(.stab)

.stabstr
 *(.stabstr)

.stab.excl
 *(.stab.excl)

.stab.exclstr
 *(.stab.exclstr)

.stab.index
 *(.stab.index)

.stab.indexstr
 *(.stab.indexstr)

.comment        0x0000000000000000       0x2b
 *(.comment)
 .comment       0x0000000000000000       0x2b /usr/lib/gcc/x86_64-linux-gnu/11/crtbeginS.o
                                         0x2c (size before relaxing)
 .comment       0x000000000000002b       0x2c lin.x64/rel/.build/main.o
 .comment       0x000000000000002b       0x2c /usr/lib/gcc/x86_64-linux-gnu/11/crtendS.o

.gnu.build.attributes
 *(.gnu.build.attributes .gnu.build.attributes.*)

.debug
 *(.debug)

.line
 *(.line)

.debug_srcinfo
 *(.debug_srcinfo)

.debug_sfnames
 *(.debug_sfnames)

.debug_aranges
 *(.debug_aranges)

.debug_pubnames
 *(.debug_pubnames)

.debug_info
 *(.debug_info .gnu.linkonce.wi.*)

.debug_abbrev
 *(.debug_abbrev)

.debug_line
 *(.debug_line .debug_line.* .debug_line_end)

.debug_frame
 *(.debug_frame)

.debug_str
 *(.debug_str)

.debug_loc
 *(.debug_loc)

.debug_macinfo
 *(.debug_macinfo)

.debug_weaknames
 *(.debug_weaknames)

.debug_funcnames
 *(.debug_funcnames)

.debug_typenames
 *(.debug_typenames)

.debug_varnames
 *(.debug_varnames)

.debug_pubtypes
 *(.debug_pubtypes)

.debug_ranges
 *(.debug_ranges)

.debug_addr
 *(.debug_addr)

.debug_line_str
 *(.debug_line_str)

.debug_loclists
 *(.debug_loclists)

.debug_macro
 *(.debug_macro)

.debug_names
 *(.debug_names)

.debug_rnglists
 *(.debug_rnglists)

.debug_str_offsets
 *(.debug_str_offsets)

.debug_sup
 *(.debug_sup)

.gnu.attributes
 *(.gnu.attributes)

/DISCARD/
 *(.note.GNU-stack)
 *(.gnu_debuglink)
 *(.gnu.lto_*)
OUTPUT(lin.x64/rel/mkfw elf64-x86-64)

Cross Reference Table

Symbol                                            File
GLIBC_2.10                                        /lib/x86_64-linux-gnu/libc.so.6
GLIBC_2.11                                        /lib/x86_64-linux-gnu/libc.so.6
GLIBC_2.12                                        /lib/x86_64-linux-gnu/libc.so.6
GLIBC_2.13                                        /lib/x86_64-linux-gnu/libc.so.6
GLIBC_2.14                                        /lib/x86_64-linux-gnu/libc.so.6
GLIBC_2.15                                        /lib/x86_64-linux-gnu/libc.so.6
GLIBC_2.16                                        /lib/x86_64-linux-gnu/libc.so.6
GLIBC_2.17                                        /lib/x86_64-linux-gnu/libc.so.6
GLIBC_2.18                                        /lib/x86_64-linux-gnu/libc.so.6
GLIBC_2.2.5                                       /lib/x86_64-linux-gnu/libc.so.6
                                                  /lib64/ld-linux-x86-64.so.2
GLIBC_2.2.6                                       /lib/x86_64-linux-gnu/libc.so.6
GLIBC_2.22                                        /lib/x86_64-linux-gnu/libc.so.6
GLIBC_2.23                                        /lib/x86_64-linux-gnu/libc.so.6
GLIBC_2.24                                        /lib/x86_64-linux-gnu/libc.so.6
GLIBC_2.25                                        /lib/x86_64-linux-gnu/libc.so.6
GLIBC_2.26                                        /lib/x86_64-linux-gnu/libc.so.6
GLIBC_2.27                                        /lib/x86_64-linux-gnu/libc.so.6
GLIBC_2.28                                        /lib/x86_64-linux-gnu/libc.so.6
GLIBC_2.29                                        /lib/x86_64-linux-gnu/libc.so.6
GLIBC_2.3                                         /lib/x86_64-linux-gnu/libc.so.6
                                                  /lib64/ld-linux-x86-64.so.2
GLIBC_2.3.2                                       /lib/x86_64-linux-gnu/libc.so.6
GLIBC_2.3.3                                       /lib/x86_64-linux-gnu/libc.so.6
GLIBC_2.3.4                                       /lib/x86_64-linux-gnu/libc.so.6
GLIBC_2.30                                        /lib/x86_64-linux-gnu/libc.so.6
GLIBC_2.31                                        /lib/x86_64-linux-gnu/libc.so.6
GLIBC_2.32                                        /lib/x86_64-linux-gnu/libc.so.6
GLIBC_2.33                                        /lib/x86_64-linux-gnu/libc.so.6
GLIBC_2.34                                        /lib/x86_64-linux-gnu/libc.so.6
                                                  /lib64/ld-linux-x86-64.so.2
GLIBC_2.35                                        /lib/x86_64-linux-gnu/libc.so.6
                                                  /lib64/ld-linux-x86-64.so.2
GLIBC_2.4                                         /lib/x86_64-linux-gnu/libc.so.6
                                                  /lib64/ld-linux-x86-64.so.2
GLIBC_2.5                                         /lib/x86_64-linux-gnu/libc.so.6
GLIBC_2.6                                         /lib/x86_64-linux-gnu/libc.so.6
GLIBC_2.7                                         /lib/x86_64-linux-gnu/libc.so.6
GLIBC_2.8                                         /lib/x86_64-linux-gnu/libc.so.6
GLIBC_2.9                                         /lib/x86_64-linux-gnu/libc.so.6
GLIBC_PRIVATE                                     /lib/x86_64-linux-gnu/libc.so.6
                                                  /lib64/ld-linux-x86-64.so.2
LIBUDEV_183                                       /lib/x86_64-linux-gnu/libudev.so.1
LIBUDEV_189                                       /lib/x86_64-linux-gnu/libudev.so.1
LIBUDEV_196                                       /lib/x86_64-linux-gnu/libudev.so.1
LIBUDEV_199                                       /lib/x86_64-linux-gnu/libudev.so.1
LIBUDEV_215                                       /lib/x86_64-linux-gnu/libudev.so.1
LIBUDEV_247                                       /lib/x86_64-linux-gnu/libudev.so.1
_DYNAMIC                                          /usr/lib/gcc/x86_64-linux-gnu/11/../../../x86_64-linux-gnu/Scrt1.o
_Exit                                             /lib/x86_64-linux-gnu/libc.so.6
_Exit@@GLIBC_2.2.5                                /lib/x86_64-linux-gnu/libc.so.6
_Exit@GLIBC_2.2.5                                 /lib/x86_64-linux-gnu/libc.so.6
_GLOBAL_OFFSET_TABLE_                             /usr/lib/gcc/x86_64-linux-gnu/11/../../../x86_64-linux-gnu/Scrt1.o
                                                  /usr/lib/gcc/x86_64-linux-gnu/11/crtbeginS.o
                                                  /usr/lib/gcc/x86_64-linux-gnu/11/../../../x86_64-linux-gnu/crti.o
_IO_flockfile                                     /lib/x86_64-linux-gnu/libc.so.6
_IO_flockfile@@GLIBC_2.2.5                        /lib/x86_64-linux-gnu/libc.so.6
_IO_flockfile@GLIBC_2.2.5                         /lib/x86_64-linux-gnu/libc.so.6
_IO_fprintf                                       /lib/x86_64-linux-gnu/libc.so.6
_IO_fprintf@@GLIBC_2.2.5                          /lib/x86_64-linux-gnu/libc.so.6
_IO_fprintf@GLIBC_2.2.5                           /lib/x86_64-linux-gnu/libc.so.6
_IO_ftrylockfile                                  /lib/x86_64-linux-gnu/libc.so.6
_IO_ftrylockfile@@GLIBC_2.2.5                     /lib/x86_64-linux-gnu/libc.so.6
_IO_ftrylockfile@GLIBC_2.2.5                      /lib/x86_64-linux-gnu/libc.so.6
_IO_funlockfile                                   /lib/x86_64-linux-gnu/libc.so.6
_IO_funlockfile@@GLIBC_2.2.5                      /lib/x86_64-linux-gnu/libc.so.6
_IO_funlockfile@GLIBC_2.2.5                       /lib/x86_64-linux-gnu/libc.so.6
_IO_stdin_used                                    /usr/lib/gcc/x86_64-linux-gnu/11/../../../x86_64-linux-gnu/Scrt1.o
_ITM_deregisterTMCloneTable                       /lib/x86_64-linux-gnu/libudev.so.1
                                                  /lib/x86_64-linux-gnu/libusb-1.0.so.0
                                                  /home/pong/FPGALink/makestuff/libs/libfx2loader/lin.x64/rel/libusbwrap.so
                                                  /home/pong/FPGALink/makestuff/libs/libfx2loader/lin.x64/rel/liberror.so
                                                  /home/pong/FPGALink/makestuff/libs/libfx2loader/lin.x64/rel/libbuffer.so
                                                  /home/pong/FPGALink/makestuff/libs/libfx2loader/lin.x64/rel/libfx2loader.so
                                                  /usr/lib/gcc/x86_64-linux-gnu/11/crtbeginS.o
_ITM_registerTMCloneTable                         /lib/x86_64-linux-gnu/libudev.so.1
                                                  /lib/x86_64-linux-gnu/libusb-1.0.so.0
                                                  /home/pong/FPGALink/makestuff/libs/libfx2loader/lin.x64/rel/libusbwrap.so
                                                  /home/pong/FPGALink/makestuff/libs/libfx2loader/lin.x64/rel/liberror.so
                                                  /home/pong/FPGALink/makestuff/libs/libfx2loader/lin.x64/rel/libbuffer.so
                                                  /home/pong/FPGALink/makestuff/libs/libfx2loader/lin.x64/rel/libfx2loader.so
                                                  /usr/lib/gcc/x86_64-linux-gnu/11/crtbeginS.o
__GNU_EH_FRAME_HDR                                lin.x64/rel/mkfw
__TMC_END__                                       /usr/lib/gcc/x86_64-linux-gnu/11/crtendS.o
                                                  /usr/lib/gcc/x86_64-linux-gnu/11/crtbeginS.o
__after_morecore_hook@GLIBC_2.2.5                 /lib/x86_64-linux-gnu/libc.so.6
__compat_bdflush                                  /lib/x86_64-linux-gnu/libc.so.6
__connect                                         /lib/x86_64-linux-gnu/libc.so.6
__connect@@GLIBC_2.2.5                            /lib/x86_64-linux-gnu/libc.so.6
__connect@GLIBC_2.2.5                             /lib/x86_64-linux-gnu/libc.so.6
__ctype_get_mb_cur_max                            /lib/x86_64-linux-gnu/libc.so.6
__ctype_get_mb_cur_max@@GLIBC_2.2.5               /lib/x86_64-linux-gnu/libc.so.6
__ctype_get_mb_cur_max@GLIBC_2.2.5                /lib/x86_64-linux-gnu/libc.so.6
__cxa_finalize                                    /lib/x86_64-linux-gnu/libc.so.6
                                                  /usr/lib/gcc/x86_64-linux-gnu/11/crtbeginS.o
__cxa_finalize@@GLIBC_2.2.5                       /lib/x86_64-linux-gnu/libc.so.6
__cxa_finalize@GLIBC_2.2.5                        /lib/x86_64-linux-gnu/libc.so.6
                                                  /lib/x86_64-linux-gnu/libudev.so.1
                                                  /lib/x86_64-linux-gnu/libusb-1.0.so.0
                                                  /home/pong/FPGALink/makestuff/libs/libfx2loader/lin.x64/rel/libusbwrap.so
                                                  /home/pong/FPGALink/makestuff/libs/libfx2loader/lin.x64/rel/liberror.so
                                                  /home/pong/FPGALink/makestuff/libs/libfx2loader/lin.x64/rel/libbuffer.so
                                                  /home/pong/FPGALink/makestuff/libs/libfx2loader/lin.x64/rel/libfx2loader.so
__data_start                                      /usr/lib/gcc/x86_64-linux-gnu/11/../../../x86_64-linux-gnu/Scrt1.o
__dso_handle                                      /usr/lib/gcc/x86_64-linux-gnu/11/crtbeginS.o
__fcntl                                           /lib/x86_64-linux-gnu/libc.so.6
__fcntl@@GLIBC_2.2.5                              /lib/x86_64-linux-gnu/libc.so.6
__fcntl@GLIBC_2.2.5                               /lib/x86_64-linux-gnu/libc.so.6
__fprintf_chk                                     /lib/x86_64-linux-gnu/libc.so.6
                                                  lin.x64/rel/.build/main.o
__fprintf_chk@@GLIBC_2.3.4                        /lib/x86_64-linux-gnu/libc.so.6
__fprintf_chk@GLIBC_2.3.4                         /lib/x86_64-linux-gnu/libc.so.6
                                                  /home/pong/FPGALink/makestuff/libs/libfx2loader/lin.x64/rel/libusbwrap.so
__free_hook@GLIBC_2.2.5                           /lib/x86_64-linux-gnu/libc.so.6
__gmon_start__                                    /lib/x86_64-linux-gnu/libudev.so.1
                                                  /lib/x86_64-linux-gnu/libusb-1.0.so.0
                                                  /home/pong/FPGALink/makestuff/libs/libfx2loader/lin.x64/rel/libusbwrap.so
                                                  /home/pong/FPGALink/makestuff/libs/libfx2loader/lin.x64/rel/liberror.so
                                                  /home/pong/FPGALink/makestuff/libs/libfx2loader/lin.x64/rel/libbuffer.so
                                                  /home/pong/FPGALink/makestuff/libs/libfx2loader/lin.x64/rel/libfx2loader.so
                                                  /usr/lib/gcc/x86_64-linux-gnu/11/../../../x86_64-linux-gnu/crti.o
__isascii_l                                       /lib/x86_64-linux-gnu/libc.so.6
__isascii_l@@GLIBC_2.2.5                          /lib/x86_64-linux-gnu/libc.so.6
__isascii_l@GLIBC_2.2.5                           /lib/x86_64-linux-gnu/libc.so.6
__libc_secure_getenv                              /lib/x86_64-linux-gnu/libc.so.6
__libc_secure_getenv@@GLIBC_PRIVATE               /lib/x86_64-linux-gnu/libc.so.6
__libc_secure_getenv@GLIBC_PRIVATE                /lib/x86_64-linux-gnu/libc.so.6
__malloc_hook@GLIBC_2.2.5                         /lib/x86_64-linux-gnu/libc.so.6
__memalign_hook@GLIBC_2.2.5                       /lib/x86_64-linux-gnu/libc.so.6
__open                                            /lib/x86_64-linux-gnu/libc.so.6
__open64                                          /lib/x86_64-linux-gnu/libc.so.6
__open64@@GLIBC_2.2.5                             /lib/x86_64-linux-gnu/libc.so.6
__open64@GLIBC_2.2.5                              /lib/x86_64-linux-gnu/libc.so.6
__open@@GLIBC_2.2.5                               /lib/x86_64-linux-gnu/libc.so.6
__open@GLIBC_2.2.5                                /lib/x86_64-linux-gnu/libc.so.6
__pread64                                         /lib/x86_64-linux-gnu/libc.so.6
__pread64@@GLIBC_2.2.5                            /lib/x86_64-linux-gnu/libc.so.6
__pread64@GLIBC_2.2.5                             /lib/x86_64-linux-gnu/libc.so.6
__printf_chk                                      /lib/x86_64-linux-gnu/libc.so.6
                                                  lin.x64/rel/.build/main.o
__printf_chk@@GLIBC_2.3.4                         /lib/x86_64-linux-gnu/libc.so.6
__printf_chk@GLIBC_2.3.4                          /lib/x86_64-linux-gnu/libc.so.6
__pwrite64                                        /lib/x86_64-linux-gnu/libc.so.6
__pwrite64@@GLIBC_2.2.5                           /lib/x86_64-linux-gnu/libc.so.6
__pwrite64@GLIBC_2.2.5                            /lib/x86_64-linux-gnu/libc.so.6
__realloc_hook@GLIBC_2.2.5                        /lib/x86_64-linux-gnu/libc.so.6
__recv                                            /lib/x86_64-linux-gnu/libc.so.6
__recv@@GLIBC_PRIVATE                             /lib/x86_64-linux-gnu/libc.so.6
__recv@GLIBC_PRIVATE                              /lib/x86_64-linux-gnu/libc.so.6
__secure_getenv@GLIBC_2.2.5                       /lib/x86_64-linux-gnu/libc.so.6
__stack_chk_fail                                  /lib/x86_64-linux-gnu/libc.so.6
                                                  lin.x64/rel/.build/main.o
__stack_chk_fail@@GLIBC_2.4                       /lib/x86_64-linux-gnu/libc.so.6
__stack_chk_fail@GLIBC_2.4                        /lib/x86_64-linux-gnu/libc.so.6
                                                  /lib/x86_64-linux-gnu/libudev.so.1
                                                  /lib/x86_64-linux-gnu/libusb-1.0.so.0
                                                  /home/pong/FPGALink/makestuff/libs/libfx2loader/lin.x64/rel/libusbwrap.so
                                                  /home/pong/FPGALink/makestuff/libs/libfx2loader/lin.x64/rel/liberror.so
                                                  /home/pong/FPGALink/makestuff/libs/libfx2loader/lin.x64/rel/libbuffer.so
                                                  /home/pong/FPGALink/makestuff/libs/libfx2loader/lin.x64/rel/libfx2loader.so
__statfs                                          /lib/x86_64-linux-gnu/libc.so.6
__statfs@@GLIBC_2.2.5                             /lib/x86_64-linux-gnu/libc.so.6
__statfs@GLIBC_2.2.5                              /lib/x86_64-linux-gnu/libc.so.6
__strtoll_l                                       /lib/x86_64-linux-gnu/libc.so.6
__strtoll_l@@GLIBC_2.2.5                          /lib/x86_64-linux-gnu/libc.so.6
__strtoll_l@GLIBC_2.2.5                           /lib/x86_64-linux-gnu/libc.so.6
__strtoull_l                                      /lib/x86_64-linux-gnu/libc.so.6
__strtoull_l@@GLIBC_2.2.5                         /lib/x86_64-linux-gnu/libc.so.6
__strtoull_l@GLIBC_2.2.5                          /lib/x86_64-linux-gnu/libc.so.6
__toascii_l                                       /lib/x86_64-linux-gnu/libc.so.6
__toascii_l@@GLIBC_2.2.5                          /lib/x86_64-linux-gnu/libc.so.6
__toascii_l@GLIBC_2.2.5                           /lib/x86_64-linux-gnu/libc.so.6
__vsnprintf                                       /lib/x86_64-linux-gnu/libc.so.6
__vsnprintf@@GLIBC_2.2.5                          /lib/x86_64-linux-gnu/libc.so.6
__vsnprintf@GLIBC_2.2.5                           /lib/x86_64-linux-gnu/libc.so.6
__vsscanf                                         /lib/x86_64-linux-gnu/libc.so.6
__vsscanf@@GLIBC_2.2.5                            /lib/x86_64-linux-gnu/libc.so.6
__vsscanf@GLIBC_2.2.5                             /lib/x86_64-linux-gnu/libc.so.6
__wcstoll_l                                       /lib/x86_64-linux-gnu/libc.so.6
__wcstoll_l@@GLIBC_2.2.5                          /lib/x86_64-linux-gnu/libc.so.6
__wcstoll_l@GLIBC_2.2.5                           /lib/x86_64-linux-gnu/libc.so.6
__wcstoull_l                                      /lib/x86_64-linux-gnu/libc.so.6
__wcstoull_l@@GLIBC_2.2.5                         /lib/x86_64-linux-gnu/libc.so.6
__wcstoull_l@GLIBC_2.2.5                          /lib/x86_64-linux-gnu/libc.so.6
__write                                           /lib/x86_64-linux-gnu/libc.so.6
__write@@GLIBC_2.2.5                              /lib/x86_64-linux-gnu/libc.so.6
__write@GLIBC_2.2.5                               /lib/x86_64-linux-gnu/libc.so.6
__xpg_sigpause                                    /lib/x86_64-linux-gnu/libc.so.6
__xpg_sigpause@@GLIBC_2.2.5                       /lib/x86_64-linux-gnu/libc.so.6
__xpg_sigpause@GLIBC_2.2.5                        /lib/x86_64-linux-gnu/libc.so.6
_environ                                          /lib/x86_64-linux-gnu/libc.so.6
_environ@@GLIBC_2.2.5                             /lib/x86_64-linux-gnu/libc.so.6
_environ@GLIBC_2.2.5                              /lib/x86_64-linux-gnu/libc.so.6
                                                  /lib/x86_64-linux-gnu/libudev.so.1
_fini                                             /usr/lib/gcc/x86_64-linux-gnu/11/../../../x86_64-linux-gnu/crti.o
_flushlbf                                         /lib/x86_64-linux-gnu/libc.so.6
_flushlbf@@GLIBC_2.2.5                            /lib/x86_64-linux-gnu/libc.so.6
_flushlbf@GLIBC_2.2.5                             /lib/x86_64-linux-gnu/libc.so.6
_init                                             /usr/lib/gcc/x86_64-linux-gnu/11/../../../x86_64-linux-gnu/crti.o
_longjmp                                          /lib/x86_64-linux-gnu/libc.so.6
_longjmp@@GLIBC_2.2.5                             /lib/x86_64-linux-gnu/libc.so.6
_longjmp@GLIBC_2.2.5                              /lib/x86_64-linux-gnu/libc.so.6
_start                                            /usr/lib/gcc/x86_64-linux-gnu/11/../../../x86_64-linux-gnu/Scrt1.o
access                                            /lib/x86_64-linux-gnu/libc.so.6
access@@GLIBC_2.2.5                               /lib/x86_64-linux-gnu/libc.so.6
access@GLIBC_2.2.5                                /lib/x86_64-linux-gnu/libc.so.6
                                                  /lib/x86_64-linux-gnu/libudev.so.1
addmntent                                         /lib/x86_64-linux-gnu/libc.so.6
addmntent@@GLIBC_2.2.5                            /lib/x86_64-linux-gnu/libc.so.6
addmntent@GLIBC_2.2.5                             /lib/x86_64-linux-gnu/libc.so.6
addseverity                                       /lib/x86_64-linux-gnu/libc.so.6
addseverity@@GLIBC_2.2.5                          /lib/x86_64-linux-gnu/libc.so.6
addseverity@GLIBC_2.2.5                           /lib/x86_64-linux-gnu/libc.so.6
adjtime                                           /lib/x86_64-linux-gnu/libc.so.6
adjtime@@GLIBC_2.2.5                              /lib/x86_64-linux-gnu/libc.so.6
adjtime@GLIBC_2.2.5                               /lib/x86_64-linux-gnu/libc.so.6
adjtimex                                          /lib/x86_64-linux-gnu/libc.so.6
adjtimex@@GLIBC_2.2.5                             /lib/x86_64-linux-gnu/libc.so.6
adjtimex@GLIBC_2.2.5                              /lib/x86_64-linux-gnu/libc.so.6
advance@GLIBC_2.2.5                               /lib/x86_64-linux-gnu/libc.so.6
aligned_alloc                                     /lib/x86_64-linux-gnu/libc.so.6
aligned_alloc@@GLIBC_2.16                         /lib/x86_64-linux-gnu/libc.so.6
aligned_alloc@GLIBC_2.16                          /lib/x86_64-linux-gnu/libc.so.6
alphasort                                         /lib/x86_64-linux-gnu/libc.so.6
alphasort64                                       /lib/x86_64-linux-gnu/libc.so.6
alphasort64@@GLIBC_2.2.5                          /lib/x86_64-linux-gnu/libc.so.6
alphasort64@GLIBC_2.2.5                           /lib/x86_64-linux-gnu/libc.so.6
alphasort@@GLIBC_2.2.5                            /lib/x86_64-linux-gnu/libc.so.6
alphasort@GLIBC_2.2.5                             /lib/x86_64-linux-gnu/libc.so.6
arch_prctl                                        /lib/x86_64-linux-gnu/libc.so.6
arch_prctl@@GLIBC_2.2.5                           /lib/x86_64-linux-gnu/libc.so.6
arch_prctl@GLIBC_2.2.5                            /lib/x86_64-linux-gnu/libc.so.6
argp_error                                        /lib/x86_64-linux-gnu/libc.so.6
argp_error@@GLIBC_2.2.5                           /lib/x86_64-linux-gnu/libc.so.6
argp_error@GLIBC_2.2.5                            /lib/x86_64-linux-gnu/libc.so.6
argp_failure                                      /lib/x86_64-linux-gnu/libc.so.6
argp_failure@@GLIBC_2.2.5                         /lib/x86_64-linux-gnu/libc.so.6
argp_failure@GLIBC_2.2.5                          /lib/x86_64-linux-gnu/libc.so.6
argp_help                                         /lib/x86_64-linux-gnu/libc.so.6
argp_help@@GLIBC_2.2.5                            /lib/x86_64-linux-gnu/libc.so.6
argp_help@GLIBC_2.2.5                             /lib/x86_64-linux-gnu/libc.so.6
argp_parse                                        /lib/x86_64-linux-gnu/libc.so.6
argp_parse@@GLIBC_2.2.5                           /lib/x86_64-linux-gnu/libc.so.6
argp_parse@GLIBC_2.2.5                            /lib/x86_64-linux-gnu/libc.so.6
argp_state_help                                   /lib/x86_64-linux-gnu/libc.so.6
argp_state_help@@GLIBC_2.2.5                      /lib/x86_64-linux-gnu/libc.so.6
argp_state_help@GLIBC_2.2.5                       /lib/x86_64-linux-gnu/libc.so.6
argp_usage                                        /lib/x86_64-linux-gnu/libc.so.6
argp_usage@@GLIBC_2.2.5                           /lib/x86_64-linux-gnu/libc.so.6
argp_usage@GLIBC_2.2.5                            /lib/x86_64-linux-gnu/libc.so.6
argz_add                                          /lib/x86_64-linux-gnu/libc.so.6
argz_add@@GLIBC_2.2.5                             /lib/x86_64-linux-gnu/libc.so.6
argz_add@GLIBC_2.2.5                              /lib/x86_64-linux-gnu/libc.so.6
argz_add_sep                                      /lib/x86_64-linux-gnu/libc.so.6
argz_add_sep@@GLIBC_2.2.5                         /lib/x86_64-linux-gnu/libc.so.6
argz_add_sep@GLIBC_2.2.5                          /lib/x86_64-linux-gnu/libc.so.6
argz_append                                       /lib/x86_64-linux-gnu/libc.so.6
argz_append@@GLIBC_2.2.5                          /lib/x86_64-linux-gnu/libc.so.6
argz_append@GLIBC_2.2.5                           /lib/x86_64-linux-gnu/libc.so.6
argz_count                                        /lib/x86_64-linux-gnu/libc.so.6
argz_count@@GLIBC_2.2.5                           /lib/x86_64-linux-gnu/libc.so.6
argz_count@GLIBC_2.2.5                            /lib/x86_64-linux-gnu/libc.so.6
argz_create                                       /lib/x86_64-linux-gnu/libc.so.6
argz_create@@GLIBC_2.2.5                          /lib/x86_64-linux-gnu/libc.so.6
argz_create@GLIBC_2.2.5                           /lib/x86_64-linux-gnu/libc.so.6
argz_create_sep                                   /lib/x86_64-linux-gnu/libc.so.6
argz_create_sep@@GLIBC_2.2.5                      /lib/x86_64-linux-gnu/libc.so.6
argz_create_sep@GLIBC_2.2.5                       /lib/x86_64-linux-gnu/libc.so.6
argz_extract                                      /lib/x86_64-linux-gnu/libc.so.6
argz_extract@@GLIBC_2.2.5                         /lib/x86_64-linux-gnu/libc.so.6
argz_extract@GLIBC_2.2.5                          /lib/x86_64-linux-gnu/libc.so.6
argz_insert                                       /lib/x86_64-linux-gnu/libc.so.6
argz_insert@@GLIBC_2.2.5                          /lib/x86_64-linux-gnu/libc.so.6
argz_insert@GLIBC_2.2.5                           /lib/x86_64-linux-gnu/libc.so.6
argz_next                                         /lib/x86_64-linux-gnu/libc.so.6
argz_next@@GLIBC_2.2.5                            /lib/x86_64-linux-gnu/libc.so.6
argz_next@GLIBC_2.2.5                             /lib/x86_64-linux-gnu/libc.so.6
argz_replace                                      /lib/x86_64-linux-gnu/libc.so.6
argz_replace@@GLIBC_2.2.5                         /lib/x86_64-linux-gnu/libc.so.6
argz_replace@GLIBC_2.2.5                          /lib/x86_64-linux-gnu/libc.so.6
argz_stringify                                    /lib/x86_64-linux-gnu/libc.so.6
argz_stringify@@GLIBC_2.2.5                       /lib/x86_64-linux-gnu/libc.so.6
argz_stringify@GLIBC_2.2.5                        /lib/x86_64-linux-gnu/libc.so.6
asctime_r                                         /lib/x86_64-linux-gnu/libc.so.6
asctime_r@@GLIBC_2.2.5                            /lib/x86_64-linux-gnu/libc.so.6
asctime_r@GLIBC_2.2.5                             /lib/x86_64-linux-gnu/libc.so.6
asprintf                                          /lib/x86_64-linux-gnu/libc.so.6
asprintf@@GLIBC_2.2.5                             /lib/x86_64-linux-gnu/libc.so.6
asprintf@GLIBC_2.2.5                              /lib/x86_64-linux-gnu/libc.so.6
backtrace                                         /lib/x86_64-linux-gnu/libc.so.6
backtrace@@GLIBC_2.2.5                            /lib/x86_64-linux-gnu/libc.so.6
backtrace@GLIBC_2.2.5                             /lib/x86_64-linux-gnu/libc.so.6
backtrace_symbols                                 /lib/x86_64-linux-gnu/libc.so.6
backtrace_symbols@@GLIBC_2.2.5                    /lib/x86_64-linux-gnu/libc.so.6
backtrace_symbols@GLIBC_2.2.5                     /lib/x86_64-linux-gnu/libc.so.6
backtrace_symbols_fd                              /lib/x86_64-linux-gnu/libc.so.6
backtrace_symbols_fd@@GLIBC_2.2.5                 /lib/x86_64-linux-gnu/libc.so.6
backtrace_symbols_fd@GLIBC_2.2.5                  /lib/x86_64-linux-gnu/libc.so.6
basename                                          /lib/x86_64-linux-gnu/libc.so.6
basename@@GLIBC_2.2.5                             /lib/x86_64-linux-gnu/libc.so.6
basename@GLIBC_2.2.5                              /lib/x86_64-linux-gnu/libc.so.6
                                                  /lib/x86_64-linux-gnu/libudev.so.1
bcmp                                              /lib/x86_64-linux-gnu/libc.so.6
bcmp@@GLIBC_2.2.5                                 /lib/x86_64-linux-gnu/libc.so.6
bcmp@GLIBC_2.2.5                                  /lib/x86_64-linux-gnu/libc.so.6
bind                                              /lib/x86_64-linux-gnu/libc.so.6
bind@@GLIBC_2.2.5                                 /lib/x86_64-linux-gnu/libc.so.6
bind@GLIBC_2.2.5                                  /lib/x86_64-linux-gnu/libc.so.6
                                                  /lib/x86_64-linux-gnu/libudev.so.1
bind_textdomain_codeset                           /lib/x86_64-linux-gnu/libc.so.6
bind_textdomain_codeset@@GLIBC_2.2.5              /lib/x86_64-linux-gnu/libc.so.6
bind_textdomain_codeset@GLIBC_2.2.5               /lib/x86_64-linux-gnu/libc.so.6
bindtextdomain                                    /lib/x86_64-linux-gnu/libc.so.6
bindtextdomain@@GLIBC_2.2.5                       /lib/x86_64-linux-gnu/libc.so.6
bindtextdomain@GLIBC_2.2.5                        /lib/x86_64-linux-gnu/libc.so.6
brk                                               /lib/x86_64-linux-gnu/libc.so.6
brk@@GLIBC_2.2.5                                  /lib/x86_64-linux-gnu/libc.so.6
brk@GLIBC_2.2.5                                   /lib/x86_64-linux-gnu/libc.so.6
bsd_signal                                        /lib/x86_64-linux-gnu/libc.so.6
bsd_signal@@GLIBC_2.2.5                           /lib/x86_64-linux-gnu/libc.so.6
bsd_signal@GLIBC_2.2.5                            /lib/x86_64-linux-gnu/libc.so.6
btowc                                             /lib/x86_64-linux-gnu/libc.so.6
btowc@@GLIBC_2.2.5                                /lib/x86_64-linux-gnu/libc.so.6
btowc@GLIBC_2.2.5                                 /lib/x86_64-linux-gnu/libc.so.6
bufDestroy                                        /home/pong/FPGALink/makestuff/libs/libfx2loader/lin.x64/rel/libbuffer.so
                                                  lin.x64/rel/.build/main.o
bufInitialise                                     /home/pong/FPGALink/makestuff/libs/libfx2loader/lin.x64/rel/libbuffer.so
                                                  lin.x64/rel/.build/main.o
bufReadFromIntelHexFile                           /home/pong/FPGALink/makestuff/libs/libfx2loader/lin.x64/rel/libbuffer.so
                                                  lin.x64/rel/.build/main.o
bzero                                             /lib/x86_64-linux-gnu/libc.so.6
bzero@@GLIBC_2.2.5                                /lib/x86_64-linux-gnu/libc.so.6
bzero@GLIBC_2.2.5                                 /lib/x86_64-linux-gnu/libc.so.6
calloc                                            /lib/x86_64-linux-gnu/libc.so.6
calloc@@GLIBC_2.2.5                               /lib/x86_64-linux-gnu/libc.so.6
calloc@GLIBC_2.2.5                                /lib/x86_64-linux-gnu/libc.so.6
                                                  /lib/x86_64-linux-gnu/libudev.so.1
                                                  /lib/x86_64-linux-gnu/libusb-1.0.so.0
                                                  /home/pong/FPGALink/makestuff/libs/libfx2loader/lin.x64/rel/libusbwrap.so
canonicalize_file_name                            /lib/x86_64-linux-gnu/libc.so.6
canonicalize_file_name@@GLIBC_2.2.5               /lib/x86_64-linux-gnu/libc.so.6
canonicalize_file_name@GLIBC_2.2.5                /lib/x86_64-linux-gnu/libc.so.6
chdir                                             /lib/x86_64-linux-gnu/libc.so.6
chdir@@GLIBC_2.2.5                                /lib/x86_64-linux-gnu/libc.so.6
chdir@GLIBC_2.2.5                                 /lib/x86_64-linux-gnu/libc.so.6
chmod                                             /lib/x86_64-linux-gnu/libc.so.6
chmod@@GLIBC_2.2.5                                /lib/x86_64-linux-gnu/libc.so.6
chmod@GLIBC_2.2.5                                 /lib/x86_64-linux-gnu/libc.so.6
chown                                             /lib/x86_64-linux-gnu/libc.so.6
chown@@GLIBC_2.2.5                                /lib/x86_64-linux-gnu/libc.so.6
chown@GLIBC_2.2.5                                 /lib/x86_64-linux-gnu/libc.so.6
clearenv                                          /lib/x86_64-linux-gnu/libc.so.6
clearenv@@GLIBC_2.2.5                             /lib/x86_64-linux-gnu/libc.so.6
clearenv@GLIBC_2.2.5                              /lib/x86_64-linux-gnu/libc.so.6
clone                                             /lib/x86_64-linux-gnu/libc.so.6
clone@@GLIBC_2.2.5                                /lib/x86_64-linux-gnu/libc.so.6
clone@GLIBC_2.2.5                                 /lib/x86_64-linux-gnu/libc.so.6
close                                             /lib/x86_64-linux-gnu/libc.so.6
close@@GLIBC_2.2.5                                /lib/x86_64-linux-gnu/libc.so.6
close@GLIBC_2.2.5                                 /lib/x86_64-linux-gnu/libc.so.6
                                                  /lib/x86_64-linux-gnu/libudev.so.1
                                                  /lib/x86_64-linux-gnu/libusb-1.0.so.0
close_range                                       /lib/x86_64-linux-gnu/libc.so.6
close_range@@GLIBC_2.34                           /lib/x86_64-linux-gnu/libc.so.6
close_range@GLIBC_2.34                            /lib/x86_64-linux-gnu/libc.so.6
closedir                                          /lib/x86_64-linux-gnu/libc.so.6
closedir@@GLIBC_2.2.5                             /lib/x86_64-linux-gnu/libc.so.6
closedir@GLIBC_2.2.5                              /lib/x86_64-linux-gnu/libc.so.6
                                                  /lib/x86_64-linux-gnu/libudev.so.1
                                                  /lib/x86_64-linux-gnu/libusb-1.0.so.0
closefrom                                         /lib/x86_64-linux-gnu/libc.so.6
closefrom@@GLIBC_2.34                             /lib/x86_64-linux-gnu/libc.so.6
closefrom@GLIBC_2.34                              /lib/x86_64-linux-gnu/libc.so.6
connect                                           /lib/x86_64-linux-gnu/libc.so.6
connect@@GLIBC_2.2.5                              /lib/x86_64-linux-gnu/libc.so.6
connect@GLIBC_2.2.5                               /lib/x86_64-linux-gnu/libc.so.6
copysign                                          /lib/x86_64-linux-gnu/libc.so.6
copysign@@GLIBC_2.2.5                             /lib/x86_64-linux-gnu/libc.so.6
copysign@GLIBC_2.2.5                              /lib/x86_64-linux-gnu/libc.so.6
copysignf                                         /lib/x86_64-linux-gnu/libc.so.6
copysignf@@GLIBC_2.2.5                            /lib/x86_64-linux-gnu/libc.so.6
copysignf@GLIBC_2.2.5                             /lib/x86_64-linux-gnu/libc.so.6
copysignl                                         /lib/x86_64-linux-gnu/libc.so.6
copysignl@@GLIBC_2.2.5                            /lib/x86_64-linux-gnu/libc.so.6
copysignl@GLIBC_2.2.5                             /lib/x86_64-linux-gnu/libc.so.6
creat                                             /lib/x86_64-linux-gnu/libc.so.6
creat64                                           /lib/x86_64-linux-gnu/libc.so.6
creat64@@GLIBC_2.2.5                              /lib/x86_64-linux-gnu/libc.so.6
creat64@GLIBC_2.2.5                               /lib/x86_64-linux-gnu/libc.so.6
creat@@GLIBC_2.2.5                                /lib/x86_64-linux-gnu/libc.so.6
creat@GLIBC_2.2.5                                 /lib/x86_64-linux-gnu/libc.so.6
data_start                                        /usr/lib/gcc/x86_64-linux-gnu/11/../../../x86_64-linux-gnu/Scrt1.o
daylight                                          /lib/x86_64-linux-gnu/libc.so.6
daylight@@GLIBC_2.2.5                             /lib/x86_64-linux-gnu/libc.so.6
daylight@GLIBC_2.2.5                              /lib/x86_64-linux-gnu/libc.so.6
dcgettext                                         /lib/x86_64-linux-gnu/libc.so.6
dcgettext@@GLIBC_2.2.5                            /lib/x86_64-linux-gnu/libc.so.6
dcgettext@GLIBC_2.2.5                             /lib/x86_64-linux-gnu/libc.so.6
dcngettext                                        /lib/x86_64-linux-gnu/libc.so.6
dcngettext@@GLIBC_2.2.5                           /lib/x86_64-linux-gnu/libc.so.6
dcngettext@GLIBC_2.2.5                            /lib/x86_64-linux-gnu/libc.so.6
dgettext                                          /lib/x86_64-linux-gnu/libc.so.6
dgettext@@GLIBC_2.2.5                             /lib/x86_64-linux-gnu/libc.so.6
dgettext@GLIBC_2.2.5                              /lib/x86_64-linux-gnu/libc.so.6
dl_iterate_phdr                                   /lib/x86_64-linux-gnu/libc.so.6
dl_iterate_phdr@@GLIBC_2.2.5                      /lib/x86_64-linux-gnu/libc.so.6
dl_iterate_phdr@GLIBC_2.2.5                       /lib/x86_64-linux-gnu/libc.so.6
dngettext                                         /lib/x86_64-linux-gnu/libc.so.6
dngettext@@GLIBC_2.2.5                            /lib/x86_64-linux-gnu/libc.so.6
dngettext@GLIBC_2.2.5                             /lib/x86_64-linux-gnu/libc.so.6
dumpBytes                                         lin.x64/rel/.build/main.o
dumpCode                                          lin.x64/rel/.build/main.o
dumpWords                                         lin.x64/rel/.build/main.o
dup                                               /lib/x86_64-linux-gnu/libc.so.6
dup2                                              /lib/x86_64-linux-gnu/libc.so.6
dup2@@GLIBC_2.2.5                                 /lib/x86_64-linux-gnu/libc.so.6
dup2@GLIBC_2.2.5                                  /lib/x86_64-linux-gnu/libc.so.6
dup3                                              /lib/x86_64-linux-gnu/libc.so.6
dup3@@GLIBC_2.9                                   /lib/x86_64-linux-gnu/libc.so.6
dup3@GLIBC_2.9                                    /lib/x86_64-linux-gnu/libc.so.6
dup@@GLIBC_2.2.5                                  /lib/x86_64-linux-gnu/libc.so.6
dup@GLIBC_2.2.5                                   /lib/x86_64-linux-gnu/libc.so.6
duplocale                                         /lib/x86_64-linux-gnu/libc.so.6
duplocale@@GLIBC_2.3                              /lib/x86_64-linux-gnu/libc.so.6
duplocale@GLIBC_2.3                               /lib/x86_64-linux-gnu/libc.so.6
eaccess                                           /lib/x86_64-linux-gnu/libc.so.6
eaccess@@GLIBC_2.4                                /lib/x86_64-linux-gnu/libc.so.6
eaccess@GLIBC_2.4                                 /lib/x86_64-linux-gnu/libc.so.6
ecvt_r                                            /lib/x86_64-linux-gnu/libc.so.6
ecvt_r@@GLIBC_2.2.5                               /lib/x86_64-linux-gnu/libc.so.6
ecvt_r@GLIBC_2.2.5                                /lib/x86_64-linux-gnu/libc.so.6
endmntent                                         /lib/x86_64-linux-gnu/libc.so.6
endmntent@@GLIBC_2.2.5                            /lib/x86_64-linux-gnu/libc.so.6
endmntent@GLIBC_2.2.5                             /lib/x86_64-linux-gnu/libc.so.6
endttyent                                         /lib/x86_64-linux-gnu/libc.so.6
endttyent@@GLIBC_2.2.5                            /lib/x86_64-linux-gnu/libc.so.6
endttyent@GLIBC_2.2.5                             /lib/x86_64-linux-gnu/libc.so.6
endutent                                          /lib/x86_64-linux-gnu/libc.so.6
endutent@@GLIBC_2.2.5                             /lib/x86_64-linux-gnu/libc.so.6
endutent@GLIBC_2.2.5                              /lib/x86_64-linux-gnu/libc.so.6
environ                                           /lib/x86_64-linux-gnu/libc.so.6
environ@@GLIBC_2.2.5                              /lib/x86_64-linux-gnu/libc.so.6
environ@GLIBC_2.2.5                               /lib/x86_64-linux-gnu/libc.so.6
                                                  /lib/x86_64-linux-gnu/libudev.so.1
erand48_r                                         /lib/x86_64-linux-gnu/libc.so.6
erand48_r@@GLIBC_2.2.5                            /lib/x86_64-linux-gnu/libc.so.6
erand48_r@GLIBC_2.2.5                             /lib/x86_64-linux-gnu/libc.so.6
errFree                                           /home/pong/FPGALink/makestuff/libs/libfx2loader/lin.x64/rel/liberror.so
                                                  /home/pong/FPGALink/makestuff/libs/libfx2loader/lin.x64/rel/libusbwrap.so
                                                  /home/pong/FPGALink/makestuff/libs/libfx2loader/lin.x64/rel/libbuffer.so
                                                  /home/pong/FPGALink/makestuff/libs/libfx2loader/lin.x64/rel/libfx2loader.so
                                                  lin.x64/rel/.build/main.o
error                                             /lib/x86_64-linux-gnu/libc.so.6
error@@GLIBC_2.2.5                                /lib/x86_64-linux-gnu/libc.so.6
error@GLIBC_2.2.5                                 /lib/x86_64-linux-gnu/libc.so.6
error_at_line                                     /lib/x86_64-linux-gnu/libc.so.6
error_at_line@@GLIBC_2.2.5                        /lib/x86_64-linux-gnu/libc.so.6
error_at_line@GLIBC_2.2.5                         /lib/x86_64-linux-gnu/libc.so.6
euidaccess                                        /lib/x86_64-linux-gnu/libc.so.6
euidaccess@@GLIBC_2.2.5                           /lib/x86_64-linux-gnu/libc.so.6
euidaccess@GLIBC_2.2.5                            /lib/x86_64-linux-gnu/libc.so.6
execve                                            /lib/x86_64-linux-gnu/libc.so.6
execve@@GLIBC_2.2.5                               /lib/x86_64-linux-gnu/libc.so.6
execve@GLIBC_2.2.5                                /lib/x86_64-linux-gnu/libc.so.6
execvpe                                           /lib/x86_64-linux-gnu/libc.so.6
execvpe@@GLIBC_2.11                               /lib/x86_64-linux-gnu/libc.so.6
execvpe@GLIBC_2.11                                /lib/x86_64-linux-gnu/libc.so.6
faccessat                                         /lib/x86_64-linux-gnu/libc.so.6
faccessat@@GLIBC_2.4                              /lib/x86_64-linux-gnu/libc.so.6
faccessat@GLIBC_2.4                               /lib/x86_64-linux-gnu/libc.so.6
fallocate                                         /lib/x86_64-linux-gnu/libc.so.6
fallocate@@GLIBC_2.10                             /lib/x86_64-linux-gnu/libc.so.6
fallocate@GLIBC_2.10                              /lib/x86_64-linux-gnu/libc.so.6
fanotify_mark                                     /lib/x86_64-linux-gnu/libc.so.6
fanotify_mark@@GLIBC_2.13                         /lib/x86_64-linux-gnu/libc.so.6
fanotify_mark@GLIBC_2.13                          /lib/x86_64-linux-gnu/libc.so.6
fchdir                                            /lib/x86_64-linux-gnu/libc.so.6
fchdir@@GLIBC_2.2.5                               /lib/x86_64-linux-gnu/libc.so.6
fchdir@GLIBC_2.2.5                                /lib/x86_64-linux-gnu/libc.so.6
fchmod                                            /lib/x86_64-linux-gnu/libc.so.6
fchmod@@GLIBC_2.2.5                               /lib/x86_64-linux-gnu/libc.so.6
fchmod@GLIBC_2.2.5                                /lib/x86_64-linux-gnu/libc.so.6
fchown                                            /lib/x86_64-linux-gnu/libc.so.6
fchown@@GLIBC_2.2.5                               /lib/x86_64-linux-gnu/libc.so.6
fchown@GLIBC_2.2.5                                /lib/x86_64-linux-gnu/libc.so.6
fcloseall                                         /lib/x86_64-linux-gnu/libc.so.6
fcloseall@@GLIBC_2.2.5                            /lib/x86_64-linux-gnu/libc.so.6
fcloseall@GLIBC_2.2.5                             /lib/x86_64-linux-gnu/libc.so.6
fcntl                                             /lib/x86_64-linux-gnu/libc.so.6
fcntl64                                           /lib/x86_64-linux-gnu/libc.so.6
fcntl64@@GLIBC_2.28                               /lib/x86_64-linux-gnu/libc.so.6
fcntl64@GLIBC_2.28                                /lib/x86_64-linux-gnu/libc.so.6
                                                  /lib/x86_64-linux-gnu/libudev.so.1
fcntl@@GLIBC_2.2.5                                /lib/x86_64-linux-gnu/libc.so.6
fcntl@GLIBC_2.2.5                                 /lib/x86_64-linux-gnu/libc.so.6
                                                  /lib/x86_64-linux-gnu/libusb-1.0.so.0
fcvt_r                                            /lib/x86_64-linux-gnu/libc.so.6
fcvt_r@@GLIBC_2.2.5                               /lib/x86_64-linux-gnu/libc.so.6
fcvt_r@GLIBC_2.2.5                                /lib/x86_64-linux-gnu/libc.so.6
fdopendir                                         /lib/x86_64-linux-gnu/libc.so.6
fdopendir@@GLIBC_2.4                              /lib/x86_64-linux-gnu/libc.so.6
fdopendir@GLIBC_2.4                               /lib/x86_64-linux-gnu/libc.so.6
feof                                              /lib/x86_64-linux-gnu/libc.so.6
feof@@GLIBC_2.2.5                                 /lib/x86_64-linux-gnu/libc.so.6
feof@GLIBC_2.2.5                                  /lib/x86_64-linux-gnu/libc.so.6
                                                  /lib/x86_64-linux-gnu/libudev.so.1
                                                  /home/pong/FPGALink/makestuff/libs/libfx2loader/lin.x64/rel/libbuffer.so
feof_unlocked                                     /lib/x86_64-linux-gnu/libc.so.6
feof_unlocked@@GLIBC_2.2.5                        /lib/x86_64-linux-gnu/libc.so.6
feof_unlocked@GLIBC_2.2.5                         /lib/x86_64-linux-gnu/libc.so.6
ferror                                            /lib/x86_64-linux-gnu/libc.so.6
ferror@@GLIBC_2.2.5                               /lib/x86_64-linux-gnu/libc.so.6
ferror@GLIBC_2.2.5                                /lib/x86_64-linux-gnu/libc.so.6
                                                  /lib/x86_64-linux-gnu/libudev.so.1
                                                  /home/pong/FPGALink/makestuff/libs/libfx2loader/lin.x64/rel/libbuffer.so
ferror_unlocked                                   /lib/x86_64-linux-gnu/libc.so.6
ferror_unlocked@@GLIBC_2.2.5                      /lib/x86_64-linux-gnu/libc.so.6
ferror_unlocked@GLIBC_2.2.5                       /lib/x86_64-linux-gnu/libc.so.6
fflush                                            /lib/x86_64-linux-gnu/libc.so.6
fflush@@GLIBC_2.2.5                               /lib/x86_64-linux-gnu/libc.so.6
fflush@GLIBC_2.2.5                                /lib/x86_64-linux-gnu/libc.so.6
                                                  /lib/x86_64-linux-gnu/libudev.so.1
fflush_unlocked                                   /lib/x86_64-linux-gnu/libc.so.6
fflush_unlocked@@GLIBC_2.2.5                      /lib/x86_64-linux-gnu/libc.so.6
fflush_unlocked@GLIBC_2.2.5                       /lib/x86_64-linux-gnu/libc.so.6
ffsl                                              /lib/x86_64-linux-gnu/libc.so.6
ffsl@@GLIBC_2.2.5                                 /lib/x86_64-linux-gnu/libc.so.6
ffsl@GLIBC_2.2.5                                  /lib/x86_64-linux-gnu/libc.so.6
fgetc                                             /lib/x86_64-linux-gnu/libc.so.6
fgetc@@GLIBC_2.2.5                                /lib/x86_64-linux-gnu/libc.so.6
fgetc@GLIBC_2.2.5                                 /lib/x86_64-linux-gnu/libc.so.6
                                                  /lib/x86_64-linux-gnu/libudev.so.1
fgetc_unlocked                                    /lib/x86_64-linux-gnu/libc.so.6
fgetc_unlocked@@GLIBC_2.2.5                       /lib/x86_64-linux-gnu/libc.so.6
fgetc_unlocked@GLIBC_2.2.5                        /lib/x86_64-linux-gnu/libc.so.6
fgetgrent_r                                       /lib/x86_64-linux-gnu/libc.so.6
fgetgrent_r@@GLIBC_2.2.5                          /lib/x86_64-linux-gnu/libc.so.6
fgetgrent_r@GLIBC_2.2.5                           /lib/x86_64-linux-gnu/libc.so.6
fgetpwent_r                                       /lib/x86_64-linux-gnu/libc.so.6
fgetpwent_r@@GLIBC_2.2.5                          /lib/x86_64-linux-gnu/libc.so.6
fgetpwent_r@GLIBC_2.2.5                           /lib/x86_64-linux-gnu/libc.so.6
fgets                                             /lib/x86_64-linux-gnu/libc.so.6
fgets@@GLIBC_2.2.5                                /lib/x86_64-linux-gnu/libc.so.6
fgets@GLIBC_2.2.5                                 /lib/x86_64-linux-gnu/libc.so.6
                                                  /home/pong/FPGALink/makestuff/libs/libfx2loader/lin.x64/rel/libbuffer.so
fgets_unlocked                                    /lib/x86_64-linux-gnu/libc.so.6
fgets_unlocked@@GLIBC_2.2.5                       /lib/x86_64-linux-gnu/libc.so.6
fgets_unlocked@GLIBC_2.2.5                        /lib/x86_64-linux-gnu/libc.so.6
fgetsgent_r                                       /lib/x86_64-linux-gnu/libc.so.6
fgetsgent_r@@GLIBC_2.10                           /lib/x86_64-linux-gnu/libc.so.6
fgetsgent_r@GLIBC_2.10                            /lib/x86_64-linux-gnu/libc.so.6
fgetspent_r                                       /lib/x86_64-linux-gnu/libc.so.6
fgetspent_r@@GLIBC_2.2.5                          /lib/x86_64-linux-gnu/libc.so.6
fgetspent_r@GLIBC_2.2.5                           /lib/x86_64-linux-gnu/libc.so.6
fgetwc                                            /lib/x86_64-linux-gnu/libc.so.6
fgetwc@@GLIBC_2.2.5                               /lib/x86_64-linux-gnu/libc.so.6
fgetwc@GLIBC_2.2.5                                /lib/x86_64-linux-gnu/libc.so.6
fgetwc_unlocked                                   /lib/x86_64-linux-gnu/libc.so.6
fgetwc_unlocked@@GLIBC_2.2.5                      /lib/x86_64-linux-gnu/libc.so.6
fgetwc_unlocked@GLIBC_2.2.5                       /lib/x86_64-linux-gnu/libc.so.6
fileno                                            /lib/x86_64-linux-gnu/libc.so.6
fileno@@GLIBC_2.2.5                               /lib/x86_64-linux-gnu/libc.so.6
fileno@GLIBC_2.2.5                                /lib/x86_64-linux-gnu/libc.so.6
                                                  /lib/x86_64-linux-gnu/libudev.so.1
fileno_unlocked                                   /lib/x86_64-linux-gnu/libc.so.6
fileno_unlocked@@GLIBC_2.2.5                      /lib/x86_64-linux-gnu/libc.so.6
fileno_unlocked@GLIBC_2.2.5                       /lib/x86_64-linux-gnu/libc.so.6
finite                                            /lib/x86_64-linux-gnu/libc.so.6
finite@@GLIBC_2.2.5                               /lib/x86_64-linux-gnu/libc.so.6
finite@GLIBC_2.2.5                                /lib/x86_64-linux-gnu/libc.so.6
finitef                                           /lib/x86_64-linux-gnu/libc.so.6
finitef@@GLIBC_2.2.5                              /lib/x86_64-linux-gnu/libc.so.6
finitef@GLIBC_2.2.5                               /lib/x86_64-linux-gnu/libc.so.6
finitel                                           /lib/x86_64-linux-gnu/libc.so.6
finitel@@GLIBC_2.2.5                              /lib/x86_64-linux-gnu/libc.so.6
finitel@GLIBC_2.2.5                               /lib/x86_64-linux-gnu/libc.so.6
flock                                             /lib/x86_64-linux-gnu/libc.so.6
flock@@GLIBC_2.2.5                                /lib/x86_64-linux-gnu/libc.so.6
flock@GLIBC_2.2.5                                 /lib/x86_64-linux-gnu/libc.so.6
flockfile                                         /lib/x86_64-linux-gnu/libc.so.6
flockfile@@GLIBC_2.2.5                            /lib/x86_64-linux-gnu/libc.so.6
flockfile@GLIBC_2.2.5                             /lib/x86_64-linux-gnu/libc.so.6
                                                  /lib/x86_64-linux-gnu/libudev.so.1
fopen64                                           /lib/x86_64-linux-gnu/libc.so.6
fopen64@@GLIBC_2.2.5                              /lib/x86_64-linux-gnu/libc.so.6
fopen64@GLIBC_2.2.5                               /lib/x86_64-linux-gnu/libc.so.6
                                                  /lib/x86_64-linux-gnu/libudev.so.1
fork                                              /lib/x86_64-linux-gnu/libc.so.6
fork@@GLIBC_2.2.5                                 /lib/x86_64-linux-gnu/libc.so.6
fork@GLIBC_2.2.5                                  /lib/x86_64-linux-gnu/libc.so.6
fpathconf                                         /lib/x86_64-linux-gnu/libc.so.6
fpathconf@@GLIBC_2.2.5                            /lib/x86_64-linux-gnu/libc.so.6
fpathconf@GLIBC_2.2.5                             /lib/x86_64-linux-gnu/libc.so.6
fputs                                             /lib/x86_64-linux-gnu/libc.so.6
fputs@@GLIBC_2.2.5                                /lib/x86_64-linux-gnu/libc.so.6
fputs@GLIBC_2.2.5                                 /lib/x86_64-linux-gnu/libc.so.6
                                                  /lib/x86_64-linux-gnu/libudev.so.1
                                                  /lib/x86_64-linux-gnu/libusb-1.0.so.0
fputs_unlocked                                    /lib/x86_64-linux-gnu/libc.so.6
fputs_unlocked@@GLIBC_2.2.5                       /lib/x86_64-linux-gnu/libc.so.6
fputs_unlocked@GLIBC_2.2.5                        /lib/x86_64-linux-gnu/libc.so.6
fread                                             /lib/x86_64-linux-gnu/libc.so.6
fread@@GLIBC_2.2.5                                /lib/x86_64-linux-gnu/libc.so.6
fread@GLIBC_2.2.5                                 /lib/x86_64-linux-gnu/libc.so.6
                                                  /lib/x86_64-linux-gnu/libudev.so.1
                                                  /home/pong/FPGALink/makestuff/libs/libfx2loader/lin.x64/rel/libbuffer.so
fread_unlocked                                    /lib/x86_64-linux-gnu/libc.so.6
fread_unlocked@@GLIBC_2.2.5                       /lib/x86_64-linux-gnu/libc.so.6
fread_unlocked@GLIBC_2.2.5                        /lib/x86_64-linux-gnu/libc.so.6
freeifaddrs                                       /lib/x86_64-linux-gnu/libc.so.6
freeifaddrs@@GLIBC_2.3                            /lib/x86_64-linux-gnu/libc.so.6
freeifaddrs@GLIBC_2.3                             /lib/x86_64-linux-gnu/libc.so.6
freelocale                                        /lib/x86_64-linux-gnu/libc.so.6
freelocale@@GLIBC_2.3                             /lib/x86_64-linux-gnu/libc.so.6
freelocale@GLIBC_2.3                              /lib/x86_64-linux-gnu/libc.so.6
frexp                                             /lib/x86_64-linux-gnu/libc.so.6
frexp@@GLIBC_2.2.5                                /lib/x86_64-linux-gnu/libc.so.6
frexp@GLIBC_2.2.5                                 /lib/x86_64-linux-gnu/libc.so.6
frexpf                                            /lib/x86_64-linux-gnu/libc.so.6
frexpf@@GLIBC_2.2.5                               /lib/x86_64-linux-gnu/libc.so.6
frexpf@GLIBC_2.2.5                                /lib/x86_64-linux-gnu/libc.so.6
frexpl                                            /lib/x86_64-linux-gnu/libc.so.6
frexpl@@GLIBC_2.2.5                               /lib/x86_64-linux-gnu/libc.so.6
frexpl@GLIBC_2.2.5                                /lib/x86_64-linux-gnu/libc.so.6
fseeko                                            /lib/x86_64-linux-gnu/libc.so.6
fseeko64                                          /lib/x86_64-linux-gnu/libc.so.6
fseeko64@@GLIBC_2.2.5                             /lib/x86_64-linux-gnu/libc.so.6
fseeko64@GLIBC_2.2.5                              /lib/x86_64-linux-gnu/libc.so.6
fseeko@@GLIBC_2.2.5                               /lib/x86_64-linux-gnu/libc.so.6
fseeko@GLIBC_2.2.5                                /lib/x86_64-linux-gnu/libc.so.6
fstat                                             /lib/x86_64-linux-gnu/libc.so.6
fstat64                                           /lib/x86_64-linux-gnu/libc.so.6
fstat64@@GLIBC_2.33                               /lib/x86_64-linux-gnu/libc.so.6
fstat64@GLIBC_2.33                                /lib/x86_64-linux-gnu/libc.so.6
                                                  /lib/x86_64-linux-gnu/libudev.so.1
fstat@@GLIBC_2.33                                 /lib/x86_64-linux-gnu/libc.so.6
fstat@GLIBC_2.33                                  /lib/x86_64-linux-gnu/libc.so.6
fstatat                                           /lib/x86_64-linux-gnu/libc.so.6
fstatat64                                         /lib/x86_64-linux-gnu/libc.so.6
fstatat64@@GLIBC_2.33                             /lib/x86_64-linux-gnu/libc.so.6
fstatat64@GLIBC_2.33                              /lib/x86_64-linux-gnu/libc.so.6
                                                  /lib/x86_64-linux-gnu/libudev.so.1
fstatat@@GLIBC_2.33                               /lib/x86_64-linux-gnu/libc.so.6
fstatat@GLIBC_2.33                                /lib/x86_64-linux-gnu/libc.so.6
fstatfs                                           /lib/x86_64-linux-gnu/libc.so.6
fstatfs64                                         /lib/x86_64-linux-gnu/libc.so.6
fstatfs64@@GLIBC_2.2.5                            /lib/x86_64-linux-gnu/libc.so.6
fstatfs64@GLIBC_2.2.5                             /lib/x86_64-linux-gnu/libc.so.6
fstatfs@@GLIBC_2.2.5                              /lib/x86_64-linux-gnu/libc.so.6
fstatfs@GLIBC_2.2.5                               /lib/x86_64-linux-gnu/libc.so.6
fstatvfs                                          /lib/x86_64-linux-gnu/libc.so.6
fstatvfs64                                        /lib/x86_64-linux-gnu/libc.so.6
fstatvfs64@@GLIBC_2.2.5                           /lib/x86_64-linux-gnu/libc.so.6
fstatvfs64@GLIBC_2.2.5                            /lib/x86_64-linux-gnu/libc.so.6
fstatvfs@@GLIBC_2.2.5                             /lib/x86_64-linux-gnu/libc.so.6
fstatvfs@GLIBC_2.2.5                              /lib/x86_64-linux-gnu/libc.so.6
ftell                                             /lib/x86_64-linux-gnu/libc.so.6
ftell@@GLIBC_2.2.5                                /lib/x86_64-linux-gnu/libc.so.6
ftell@GLIBC_2.2.5                                 /lib/x86_64-linux-gnu/libc.so.6
                                                  /home/pong/FPGALink/makestuff/libs/libfx2loader/lin.x64/rel/libbuffer.so
ftello                                            /lib/x86_64-linux-gnu/libc.so.6
ftello64                                          /lib/x86_64-linux-gnu/libc.so.6
ftello64@@GLIBC_2.2.5                             /lib/x86_64-linux-gnu/libc.so.6
ftello64@GLIBC_2.2.5                              /lib/x86_64-linux-gnu/libc.so.6
ftello@@GLIBC_2.2.5                               /lib/x86_64-linux-gnu/libc.so.6
ftello@GLIBC_2.2.5                                /lib/x86_64-linux-gnu/libc.so.6
ftruncate                                         /lib/x86_64-linux-gnu/libc.so.6
ftruncate64                                       /lib/x86_64-linux-gnu/libc.so.6
ftruncate64@@GLIBC_2.2.5                          /lib/x86_64-linux-gnu/libc.so.6
ftruncate64@GLIBC_2.2.5                           /lib/x86_64-linux-gnu/libc.so.6
ftruncate@@GLIBC_2.2.5                            /lib/x86_64-linux-gnu/libc.so.6
ftruncate@GLIBC_2.2.5                             /lib/x86_64-linux-gnu/libc.so.6
ftrylockfile                                      /lib/x86_64-linux-gnu/libc.so.6
ftrylockfile@@GLIBC_2.2.5                         /lib/x86_64-linux-gnu/libc.so.6
ftrylockfile@GLIBC_2.2.5                          /lib/x86_64-linux-gnu/libc.so.6
fts64_children                                    /lib/x86_64-linux-gnu/libc.so.6
fts64_children@@GLIBC_2.23                        /lib/x86_64-linux-gnu/libc.so.6
fts64_children@GLIBC_2.23                         /lib/x86_64-linux-gnu/libc.so.6
fts64_close                                       /lib/x86_64-linux-gnu/libc.so.6
fts64_close@@GLIBC_2.23                           /lib/x86_64-linux-gnu/libc.so.6
fts64_close@GLIBC_2.23                            /lib/x86_64-linux-gnu/libc.so.6
fts64_open                                        /lib/x86_64-linux-gnu/libc.so.6
fts64_open@@GLIBC_2.23                            /lib/x86_64-linux-gnu/libc.so.6
fts64_open@GLIBC_2.23                             /lib/x86_64-linux-gnu/libc.so.6
fts64_read                                        /lib/x86_64-linux-gnu/libc.so.6
fts64_read@@GLIBC_2.23                            /lib/x86_64-linux-gnu/libc.so.6
fts64_read@GLIBC_2.23                             /lib/x86_64-linux-gnu/libc.so.6
fts64_set                                         /lib/x86_64-linux-gnu/libc.so.6
fts64_set@@GLIBC_2.23                             /lib/x86_64-linux-gnu/libc.so.6
fts64_set@GLIBC_2.23                              /lib/x86_64-linux-gnu/libc.so.6
ftw64                                             /lib/x86_64-linux-gnu/libc.so.6
ftw64@@GLIBC_2.2.5                                /lib/x86_64-linux-gnu/libc.so.6
ftw64@GLIBC_2.2.5                                 /lib/x86_64-linux-gnu/libc.so.6
funlockfile                                       /lib/x86_64-linux-gnu/libc.so.6
[...]
utmpname                                          /lib/x86_64-linux-gnu/libc.so.6
utmpname@@GLIBC_2.2.5                             /lib/x86_64-linux-gnu/libc.so.6
utmpname@GLIBC_2.2.5                              /lib/x86_64-linux-gnu/libc.so.6
valloc                                            /lib/x86_64-linux-gnu/libc.so.6
valloc@@GLIBC_2.2.5                               /lib/x86_64-linux-gnu/libc.so.6
valloc@GLIBC_2.2.5                                /lib/x86_64-linux-gnu/libc.so.6
vasprintf                                         /lib/x86_64-linux-gnu/libc.so.6
vasprintf@@GLIBC_2.2.5                            /lib/x86_64-linux-gnu/libc.so.6
vasprintf@GLIBC_2.2.5                             /lib/x86_64-linux-gnu/libc.so.6
vdprintf                                          /lib/x86_64-linux-gnu/libc.so.6
vdprintf@@GLIBC_2.2.5                             /lib/x86_64-linux-gnu/libc.so.6
vdprintf@GLIBC_2.2.5                              /lib/x86_64-linux-gnu/libc.so.6
versionsort                                       /lib/x86_64-linux-gnu/libc.so.6
versionsort64                                     /lib/x86_64-linux-gnu/libc.so.6
versionsort64@@GLIBC_2.2.5                        /lib/x86_64-linux-gnu/libc.so.6
versionsort64@GLIBC_2.2.5                         /lib/x86_64-linux-gnu/libc.so.6
versionsort@@GLIBC_2.2.5                          /lib/x86_64-linux-gnu/libc.so.6
versionsort@GLIBC_2.2.5                           /lib/x86_64-linux-gnu/libc.so.6
vfork                                             /lib/x86_64-linux-gnu/libc.so.6
vfork@@GLIBC_2.2.5                                /lib/x86_64-linux-gnu/libc.so.6
vfork@GLIBC_2.2.5                                 /lib/x86_64-linux-gnu/libc.so.6
vfscanf                                           /lib/x86_64-linux-gnu/libc.so.6
vfscanf@@GLIBC_2.2.5                              /lib/x86_64-linux-gnu/libc.so.6
vfscanf@GLIBC_2.2.5                               /lib/x86_64-linux-gnu/libc.so.6
vfwprintf                                         /lib/x86_64-linux-gnu/libc.so.6
vfwprintf@@GLIBC_2.2.5                            /lib/x86_64-linux-gnu/libc.so.6
vfwprintf@GLIBC_2.2.5                             /lib/x86_64-linux-gnu/libc.so.6
vfwscanf                                          /lib/x86_64-linux-gnu/libc.so.6
vfwscanf@@GLIBC_2.2.5                             /lib/x86_64-linux-gnu/libc.so.6
vfwscanf@GLIBC_2.2.5                              /lib/x86_64-linux-gnu/libc.so.6
vscanf                                            /lib/x86_64-linux-gnu/libc.so.6
vscanf@@GLIBC_2.2.5                               /lib/x86_64-linux-gnu/libc.so.6
vscanf@GLIBC_2.2.5                                /lib/x86_64-linux-gnu/libc.so.6
vsnprintf                                         /lib/x86_64-linux-gnu/libc.so.6
vsnprintf@@GLIBC_2.2.5                            /lib/x86_64-linux-gnu/libc.so.6
vsnprintf@GLIBC_2.2.5                             /lib/x86_64-linux-gnu/libc.so.6
vsprintf                                          /lib/x86_64-linux-gnu/libc.so.6
vsprintf@@GLIBC_2.2.5                             /lib/x86_64-linux-gnu/libc.so.6
vsprintf@GLIBC_2.2.5                              /lib/x86_64-linux-gnu/libc.so.6
vsscanf                                           /lib/x86_64-linux-gnu/libc.so.6
vsscanf@@GLIBC_2.2.5                              /lib/x86_64-linux-gnu/libc.so.6
vsscanf@GLIBC_2.2.5                               /lib/x86_64-linux-gnu/libc.so.6
vswprintf                                         /lib/x86_64-linux-gnu/libc.so.6
vswprintf@@GLIBC_2.2.5                            /lib/x86_64-linux-gnu/libc.so.6
vswprintf@GLIBC_2.2.5                             /lib/x86_64-linux-gnu/libc.so.6
vswscanf                                          /lib/x86_64-linux-gnu/libc.so.6
vswscanf@@GLIBC_2.2.5                             /lib/x86_64-linux-gnu/libc.so.6
vswscanf@GLIBC_2.2.5                              /lib/x86_64-linux-gnu/libc.so.6
vsyslog                                           /lib/x86_64-linux-gnu/libc.so.6
vsyslog@@GLIBC_2.2.5                              /lib/x86_64-linux-gnu/libc.so.6
vsyslog@GLIBC_2.2.5                               /lib/x86_64-linux-gnu/libc.so.6
wait                                              /lib/x86_64-linux-gnu/libc.so.6
wait3                                             /lib/x86_64-linux-gnu/libc.so.6
wait3@@GLIBC_2.2.5                                /lib/x86_64-linux-gnu/libc.so.6
wait3@GLIBC_2.2.5                                 /lib/x86_64-linux-gnu/libc.so.6
wait4                                             /lib/x86_64-linux-gnu/libc.so.6
wait4@@GLIBC_2.2.5                                /lib/x86_64-linux-gnu/libc.so.6
wait4@GLIBC_2.2.5                                 /lib/x86_64-linux-gnu/libc.so.6
wait@@GLIBC_2.2.5                                 /lib/x86_64-linux-gnu/libc.so.6
wait@GLIBC_2.2.5                                  /lib/x86_64-linux-gnu/libc.so.6
waitid                                            /lib/x86_64-linux-gnu/libc.so.6
waitid@@GLIBC_2.2.5                               /lib/x86_64-linux-gnu/libc.so.6
waitid@GLIBC_2.2.5                                /lib/x86_64-linux-gnu/libc.so.6
                                                  /lib/x86_64-linux-gnu/libudev.so.1
waitpid                                           /lib/x86_64-linux-gnu/libc.so.6
waitpid@@GLIBC_2.2.5                              /lib/x86_64-linux-gnu/libc.so.6
waitpid@GLIBC_2.2.5                               /lib/x86_64-linux-gnu/libc.so.6
wcpcpy                                            /lib/x86_64-linux-gnu/libc.so.6
wcpcpy@@GLIBC_2.2.5                               /lib/x86_64-linux-gnu/libc.so.6
wcpcpy@GLIBC_2.2.5                                /lib/x86_64-linux-gnu/libc.so.6
wcpncpy                                           /lib/x86_64-linux-gnu/libc.so.6
wcpncpy@@GLIBC_2.2.5                              /lib/x86_64-linux-gnu/libc.so.6
wcpncpy@GLIBC_2.2.5                               /lib/x86_64-linux-gnu/libc.so.6
wcrtomb                                           /lib/x86_64-linux-gnu/libc.so.6
wcrtomb@@GLIBC_2.2.5                              /lib/x86_64-linux-gnu/libc.so.6
wcrtomb@GLIBC_2.2.5                               /lib/x86_64-linux-gnu/libc.so.6
wcscasecmp                                        /lib/x86_64-linux-gnu/libc.so.6
wcscasecmp@@GLIBC_2.2.5                           /lib/x86_64-linux-gnu/libc.so.6
wcscasecmp@GLIBC_2.2.5                            /lib/x86_64-linux-gnu/libc.so.6
wcscasecmp_l                                      /lib/x86_64-linux-gnu/libc.so.6
wcscasecmp_l@@GLIBC_2.3                           /lib/x86_64-linux-gnu/libc.so.6
wcscasecmp_l@GLIBC_2.3                            /lib/x86_64-linux-gnu/libc.so.6
wcscat                                            /lib/x86_64-linux-gnu/libc.so.6
wcscat@@GLIBC_2.2.5                               /lib/x86_64-linux-gnu/libc.so.6
wcscat@GLIBC_2.2.5                                /lib/x86_64-linux-gnu/libc.so.6
wcschr                                            /lib/x86_64-linux-gnu/libc.so.6
wcschr@@GLIBC_2.2.5                               /lib/x86_64-linux-gnu/libc.so.6
wcschr@GLIBC_2.2.5                                /lib/x86_64-linux-gnu/libc.so.6
wcschrnul                                         /lib/x86_64-linux-gnu/libc.so.6
wcschrnul@@GLIBC_2.2.5                            /lib/x86_64-linux-gnu/libc.so.6
wcschrnul@GLIBC_2.2.5                             /lib/x86_64-linux-gnu/libc.so.6
wcscmp                                            /lib/x86_64-linux-gnu/libc.so.6
wcscmp@@GLIBC_2.2.5                               /lib/x86_64-linux-gnu/libc.so.6
wcscmp@GLIBC_2.2.5                                /lib/x86_64-linux-gnu/libc.so.6
wcscoll                                           /lib/x86_64-linux-gnu/libc.so.6
wcscoll@@GLIBC_2.2.5                              /lib/x86_64-linux-gnu/libc.so.6
wcscoll@GLIBC_2.2.5                               /lib/x86_64-linux-gnu/libc.so.6
wcscoll_l                                         /lib/x86_64-linux-gnu/libc.so.6
wcscoll_l@@GLIBC_2.3                              /lib/x86_64-linux-gnu/libc.so.6
wcscoll_l@GLIBC_2.3                               /lib/x86_64-linux-gnu/libc.so.6
wcscpy                                            /lib/x86_64-linux-gnu/libc.so.6
wcscpy@@GLIBC_2.2.5                               /lib/x86_64-linux-gnu/libc.so.6
wcscpy@GLIBC_2.2.5                                /lib/x86_64-linux-gnu/libc.so.6
wcsftime_l                                        /lib/x86_64-linux-gnu/libc.so.6
wcsftime_l@@GLIBC_2.3                             /lib/x86_64-linux-gnu/libc.so.6
wcsftime_l@GLIBC_2.3                              /lib/x86_64-linux-gnu/libc.so.6
wcslen                                            /lib/x86_64-linux-gnu/libc.so.6
wcslen@@GLIBC_2.2.5                               /lib/x86_64-linux-gnu/libc.so.6
wcslen@GLIBC_2.2.5                                /lib/x86_64-linux-gnu/libc.so.6
wcsncasecmp                                       /lib/x86_64-linux-gnu/libc.so.6
wcsncasecmp@@GLIBC_2.2.5                          /lib/x86_64-linux-gnu/libc.so.6
wcsncasecmp@GLIBC_2.2.5                           /lib/x86_64-linux-gnu/libc.so.6
wcsncasecmp_l                                     /lib/x86_64-linux-gnu/libc.so.6
wcsncasecmp_l@@GLIBC_2.3                          /lib/x86_64-linux-gnu/libc.so.6
wcsncasecmp_l@GLIBC_2.3                           /lib/x86_64-linux-gnu/libc.so.6
wcsncpy                                           /lib/x86_64-linux-gnu/libc.so.6
wcsncpy@@GLIBC_2.2.5                              /lib/x86_64-linux-gnu/libc.so.6
wcsncpy@GLIBC_2.2.5                               /lib/x86_64-linux-gnu/libc.so.6
wcsnlen                                           /lib/x86_64-linux-gnu/libc.so.6
wcsnlen@@GLIBC_2.2.5                              /lib/x86_64-linux-gnu/libc.so.6
wcsnlen@GLIBC_2.2.5                               /lib/x86_64-linux-gnu/libc.so.6
wcsnrtombs                                        /lib/x86_64-linux-gnu/libc.so.6
wcsnrtombs@@GLIBC_2.2.5                           /lib/x86_64-linux-gnu/libc.so.6
wcsnrtombs@GLIBC_2.2.5                            /lib/x86_64-linux-gnu/libc.so.6
wcsrtombs                                         /lib/x86_64-linux-gnu/libc.so.6
wcsrtombs@@GLIBC_2.2.5                            /lib/x86_64-linux-gnu/libc.so.6
wcsrtombs@GLIBC_2.2.5                             /lib/x86_64-linux-gnu/libc.so.6
wcstod_l                                          /lib/x86_64-linux-gnu/libc.so.6
wcstod_l@@GLIBC_2.3                               /lib/x86_64-linux-gnu/libc.so.6
wcstod_l@GLIBC_2.3                                /lib/x86_64-linux-gnu/libc.so.6
wcstof128_l                                       /lib/x86_64-linux-gnu/libc.so.6
wcstof128_l@@GLIBC_2.26                           /lib/x86_64-linux-gnu/libc.so.6
wcstof128_l@GLIBC_2.26                            /lib/x86_64-linux-gnu/libc.so.6
wcstof32                                          /lib/x86_64-linux-gnu/libc.so.6
wcstof32@@GLIBC_2.27                              /lib/x86_64-linux-gnu/libc.so.6
wcstof32@GLIBC_2.27                               /lib/x86_64-linux-gnu/libc.so.6
wcstof32_l                                        /lib/x86_64-linux-gnu/libc.so.6
wcstof32_l@@GLIBC_2.27                            /lib/x86_64-linux-gnu/libc.so.6
wcstof32_l@GLIBC_2.27                             /lib/x86_64-linux-gnu/libc.so.6
wcstof32x                                         /lib/x86_64-linux-gnu/libc.so.6
wcstof32x@@GLIBC_2.27                             /lib/x86_64-linux-gnu/libc.so.6
wcstof32x@GLIBC_2.27                              /lib/x86_64-linux-gnu/libc.so.6
wcstof32x_l                                       /lib/x86_64-linux-gnu/libc.so.6
wcstof32x_l@@GLIBC_2.27                           /lib/x86_64-linux-gnu/libc.so.6
wcstof32x_l@GLIBC_2.27                            /lib/x86_64-linux-gnu/libc.so.6
wcstof64                                          /lib/x86_64-linux-gnu/libc.so.6
wcstof64@@GLIBC_2.27                              /lib/x86_64-linux-gnu/libc.so.6
wcstof64@GLIBC_2.27                               /lib/x86_64-linux-gnu/libc.so.6
wcstof64_l                                        /lib/x86_64-linux-gnu/libc.so.6
wcstof64_l@@GLIBC_2.27                            /lib/x86_64-linux-gnu/libc.so.6
wcstof64_l@GLIBC_2.27                             /lib/x86_64-linux-gnu/libc.so.6
wcstof64x                                         /lib/x86_64-linux-gnu/libc.so.6
wcstof64x@@GLIBC_2.27                             /lib/x86_64-linux-gnu/libc.so.6
wcstof64x@GLIBC_2.27                              /lib/x86_64-linux-gnu/libc.so.6
wcstof64x_l                                       /lib/x86_64-linux-gnu/libc.so.6
wcstof64x_l@@GLIBC_2.27                           /lib/x86_64-linux-gnu/libc.so.6
wcstof64x_l@GLIBC_2.27                            /lib/x86_64-linux-gnu/libc.so.6
wcstof_l                                          /lib/x86_64-linux-gnu/libc.so.6
wcstof_l@@GLIBC_2.3                               /lib/x86_64-linux-gnu/libc.so.6
wcstof_l@GLIBC_2.3                                /lib/x86_64-linux-gnu/libc.so.6
wcstoimax                                         /lib/x86_64-linux-gnu/libc.so.6
wcstoimax@@GLIBC_2.2.5                            /lib/x86_64-linux-gnu/libc.so.6
wcstoimax@GLIBC_2.2.5                             /lib/x86_64-linux-gnu/libc.so.6
wcstol                                            /lib/x86_64-linux-gnu/libc.so.6
wcstol@@GLIBC_2.2.5                               /lib/x86_64-linux-gnu/libc.so.6
wcstol@GLIBC_2.2.5                                /lib/x86_64-linux-gnu/libc.so.6
wcstol_l                                          /lib/x86_64-linux-gnu/libc.so.6
wcstol_l@@GLIBC_2.3                               /lib/x86_64-linux-gnu/libc.so.6
wcstol_l@GLIBC_2.3                                /lib/x86_64-linux-gnu/libc.so.6
wcstold_l                                         /lib/x86_64-linux-gnu/libc.so.6
wcstold_l@@GLIBC_2.3                              /lib/x86_64-linux-gnu/libc.so.6
wcstold_l@GLIBC_2.3                               /lib/x86_64-linux-gnu/libc.so.6
wcstoll                                           /lib/x86_64-linux-gnu/libc.so.6
wcstoll@@GLIBC_2.2.5                              /lib/x86_64-linux-gnu/libc.so.6
wcstoll@GLIBC_2.2.5                               /lib/x86_64-linux-gnu/libc.so.6
wcstoll_l                                         /lib/x86_64-linux-gnu/libc.so.6
wcstoll_l@@GLIBC_2.3                              /lib/x86_64-linux-gnu/libc.so.6
wcstoll_l@GLIBC_2.3                               /lib/x86_64-linux-gnu/libc.so.6
wcstoq                                            /lib/x86_64-linux-gnu/libc.so.6
wcstoq@@GLIBC_2.2.5                               /lib/x86_64-linux-gnu/libc.so.6
wcstoq@GLIBC_2.2.5                                /lib/x86_64-linux-gnu/libc.so.6
wcstoul                                           /lib/x86_64-linux-gnu/libc.so.6
wcstoul@@GLIBC_2.2.5                              /lib/x86_64-linux-gnu/libc.so.6
wcstoul@GLIBC_2.2.5                               /lib/x86_64-linux-gnu/libc.so.6
wcstoul_l                                         /lib/x86_64-linux-gnu/libc.so.6
wcstoul_l@@GLIBC_2.3                              /lib/x86_64-linux-gnu/libc.so.6
wcstoul_l@GLIBC_2.3                               /lib/x86_64-linux-gnu/libc.so.6
wcstoull                                          /lib/x86_64-linux-gnu/libc.so.6
wcstoull@@GLIBC_2.2.5                             /lib/x86_64-linux-gnu/libc.so.6
wcstoull@GLIBC_2.2.5                              /lib/x86_64-linux-gnu/libc.so.6
wcstoull_l                                        /lib/x86_64-linux-gnu/libc.so.6
wcstoull_l@@GLIBC_2.3                             /lib/x86_64-linux-gnu/libc.so.6
wcstoull_l@GLIBC_2.3                              /lib/x86_64-linux-gnu/libc.so.6
wcstoumax                                         /lib/x86_64-linux-gnu/libc.so.6
wcstoumax@@GLIBC_2.2.5                            /lib/x86_64-linux-gnu/libc.so.6
wcstoumax@GLIBC_2.2.5                             /lib/x86_64-linux-gnu/libc.so.6
wcstouq                                           /lib/x86_64-linux-gnu/libc.so.6
wcstouq@@GLIBC_2.2.5                              /lib/x86_64-linux-gnu/libc.so.6
wcstouq@GLIBC_2.2.5                               /lib/x86_64-linux-gnu/libc.so.6
wcswcs                                            /lib/x86_64-linux-gnu/libc.so.6
wcswcs@@GLIBC_2.2.5                               /lib/x86_64-linux-gnu/libc.so.6
wcswcs@GLIBC_2.2.5                                /lib/x86_64-linux-gnu/libc.so.6
wcsxfrm_l                                         /lib/x86_64-linux-gnu/libc.so.6
wcsxfrm_l@@GLIBC_2.3                              /lib/x86_64-linux-gnu/libc.so.6
wcsxfrm_l@GLIBC_2.3                               /lib/x86_64-linux-gnu/libc.so.6
wctrans                                           /lib/x86_64-linux-gnu/libc.so.6
wctrans@@GLIBC_2.2.5                              /lib/x86_64-linux-gnu/libc.so.6
wctrans@GLIBC_2.2.5                               /lib/x86_64-linux-gnu/libc.so.6
wctrans_l                                         /lib/x86_64-linux-gnu/libc.so.6
wctrans_l@@GLIBC_2.3                              /lib/x86_64-linux-gnu/libc.so.6
wctrans_l@GLIBC_2.3                               /lib/x86_64-linux-gnu/libc.so.6
wctype                                            /lib/x86_64-linux-gnu/libc.so.6
wctype@@GLIBC_2.2.5                               /lib/x86_64-linux-gnu/libc.so.6
wctype@GLIBC_2.2.5                                /lib/x86_64-linux-gnu/libc.so.6
wctype_l                                          /lib/x86_64-linux-gnu/libc.so.6
wctype_l@@GLIBC_2.3                               /lib/x86_64-linux-gnu/libc.so.6
wctype_l@GLIBC_2.3                                /lib/x86_64-linux-gnu/libc.so.6
wmemchr                                           /lib/x86_64-linux-gnu/libc.so.6
wmemchr@@GLIBC_2.2.5                              /lib/x86_64-linux-gnu/libc.so.6
wmemchr@GLIBC_2.2.5                               /lib/x86_64-linux-gnu/libc.so.6
wmemcmp                                           /lib/x86_64-linux-gnu/libc.so.6
wmemcmp@@GLIBC_2.2.5                              /lib/x86_64-linux-gnu/libc.so.6
wmemcmp@GLIBC_2.2.5                               /lib/x86_64-linux-gnu/libc.so.6
wmemcpy                                           /lib/x86_64-linux-gnu/libc.so.6
wmemcpy@@GLIBC_2.2.5                              /lib/x86_64-linux-gnu/libc.so.6
wmemcpy@GLIBC_2.2.5                               /lib/x86_64-linux-gnu/libc.so.6
wmemmove                                          /lib/x86_64-linux-gnu/libc.so.6
wmemmove@@GLIBC_2.2.5                             /lib/x86_64-linux-gnu/libc.so.6
wmemmove@GLIBC_2.2.5                              /lib/x86_64-linux-gnu/libc.so.6
wmempcpy                                          /lib/x86_64-linux-gnu/libc.so.6
wmempcpy@@GLIBC_2.2.5                             /lib/x86_64-linux-gnu/libc.so.6
wmempcpy@GLIBC_2.2.5                              /lib/x86_64-linux-gnu/libc.so.6
wmemset                                           /lib/x86_64-linux-gnu/libc.so.6
wmemset@@GLIBC_2.2.5                              /lib/x86_64-linux-gnu/libc.so.6
wmemset@GLIBC_2.2.5                               /lib/x86_64-linux-gnu/libc.so.6
write                                             /lib/x86_64-linux-gnu/libc.so.6
write@@GLIBC_2.2.5                                /lib/x86_64-linux-gnu/libc.so.6
write@GLIBC_2.2.5                                 /lib/x86_64-linux-gnu/libc.so.6
                                                  /lib/x86_64-linux-gnu/libusb-1.0.so.0
writev                                            /lib/x86_64-linux-gnu/libc.so.6
writev@@GLIBC_2.2.5                               /lib/x86_64-linux-gnu/libc.so.6
writev@GLIBC_2.2.5                                /lib/x86_64-linux-gnu/libc.so.6
                                                  /lib/x86_64-linux-gnu/libudev.so.1
